Archive member included to satisfy reference by file (symbol)

c:/program files (x86)/atmel/studio/7.0/toolchain/avr8/avr8-gnu-toolchain/bin/../lib/gcc/avr/5.4.0/../../../../avr/lib/avr6\libm.a(addsf3.o)
                              AccelStepper.o (__subsf3)
c:/program files (x86)/atmel/studio/7.0/toolchain/avr8/avr8-gnu-toolchain/bin/../lib/gcc/avr/5.4.0/../../../../avr/lib/avr6\libm.a(addsf3x.o)
                              c:/program files (x86)/atmel/studio/7.0/toolchain/avr8/avr8-gnu-toolchain/bin/../lib/gcc/avr/5.4.0/../../../../avr/lib/avr6\libm.a(addsf3.o) (__addsf3x)
c:/program files (x86)/atmel/studio/7.0/toolchain/avr8/avr8-gnu-toolchain/bin/../lib/gcc/avr/5.4.0/../../../../avr/lib/avr6\libm.a(cmpsf2.o)
                              AccelStepper.o (__eqsf2)
c:/program files (x86)/atmel/studio/7.0/toolchain/avr8/avr8-gnu-toolchain/bin/../lib/gcc/avr/5.4.0/../../../../avr/lib/avr6\libm.a(divsf3.o)
                              AccelStepper.o (__divsf3)
c:/program files (x86)/atmel/studio/7.0/toolchain/avr8/avr8-gnu-toolchain/bin/../lib/gcc/avr/5.4.0/../../../../avr/lib/avr6\libm.a(divsf3x.o)
                              c:/program files (x86)/atmel/studio/7.0/toolchain/avr8/avr8-gnu-toolchain/bin/../lib/gcc/avr/5.4.0/../../../../avr/lib/avr6\libm.a(divsf3.o) (__divsf3x)
c:/program files (x86)/atmel/studio/7.0/toolchain/avr8/avr8-gnu-toolchain/bin/../lib/gcc/avr/5.4.0/../../../../avr/lib/avr6\libm.a(fixsfsi.o)
                              AccelStepper.o (__fixsfsi)
c:/program files (x86)/atmel/studio/7.0/toolchain/avr8/avr8-gnu-toolchain/bin/../lib/gcc/avr/5.4.0/../../../../avr/lib/avr6\libm.a(fixunssfsi.o)
                              AccelStepper.o (__fixunssfsi)
c:/program files (x86)/atmel/studio/7.0/toolchain/avr8/avr8-gnu-toolchain/bin/../lib/gcc/avr/5.4.0/../../../../avr/lib/avr6\libm.a(floatsisf.o)
                              AccelStepper.o (__floatunsisf)
c:/program files (x86)/atmel/studio/7.0/toolchain/avr8/avr8-gnu-toolchain/bin/../lib/gcc/avr/5.4.0/../../../../avr/lib/avr6\libm.a(fp_cmp.o)
                              c:/program files (x86)/atmel/studio/7.0/toolchain/avr8/avr8-gnu-toolchain/bin/../lib/gcc/avr/5.4.0/../../../../avr/lib/avr6\libm.a(cmpsf2.o) (__fp_cmp)
c:/program files (x86)/atmel/studio/7.0/toolchain/avr8/avr8-gnu-toolchain/bin/../lib/gcc/avr/5.4.0/../../../../avr/lib/avr6\libm.a(fp_inf.o)
                              c:/program files (x86)/atmel/studio/7.0/toolchain/avr8/avr8-gnu-toolchain/bin/../lib/gcc/avr/5.4.0/../../../../avr/lib/avr6\libm.a(addsf3x.o) (__fp_inf)
c:/program files (x86)/atmel/studio/7.0/toolchain/avr8/avr8-gnu-toolchain/bin/../lib/gcc/avr/5.4.0/../../../../avr/lib/avr6\libm.a(fp_nan.o)
                              c:/program files (x86)/atmel/studio/7.0/toolchain/avr8/avr8-gnu-toolchain/bin/../lib/gcc/avr/5.4.0/../../../../avr/lib/avr6\libm.a(addsf3x.o) (__fp_nan)
c:/program files (x86)/atmel/studio/7.0/toolchain/avr8/avr8-gnu-toolchain/bin/../lib/gcc/avr/5.4.0/../../../../avr/lib/avr6\libm.a(fp_pscA.o)
                              c:/program files (x86)/atmel/studio/7.0/toolchain/avr8/avr8-gnu-toolchain/bin/../lib/gcc/avr/5.4.0/../../../../avr/lib/avr6\libm.a(addsf3x.o) (__fp_pscA)
c:/program files (x86)/atmel/studio/7.0/toolchain/avr8/avr8-gnu-toolchain/bin/../lib/gcc/avr/5.4.0/../../../../avr/lib/avr6\libm.a(fp_pscB.o)
                              c:/program files (x86)/atmel/studio/7.0/toolchain/avr8/avr8-gnu-toolchain/bin/../lib/gcc/avr/5.4.0/../../../../avr/lib/avr6\libm.a(addsf3x.o) (__fp_pscB)
c:/program files (x86)/atmel/studio/7.0/toolchain/avr8/avr8-gnu-toolchain/bin/../lib/gcc/avr/5.4.0/../../../../avr/lib/avr6\libm.a(fp_round.o)
                              c:/program files (x86)/atmel/studio/7.0/toolchain/avr8/avr8-gnu-toolchain/bin/../lib/gcc/avr/5.4.0/../../../../avr/lib/avr6\libm.a(addsf3.o) (__fp_round)
c:/program files (x86)/atmel/studio/7.0/toolchain/avr8/avr8-gnu-toolchain/bin/../lib/gcc/avr/5.4.0/../../../../avr/lib/avr6\libm.a(fp_split3.o)
                              c:/program files (x86)/atmel/studio/7.0/toolchain/avr8/avr8-gnu-toolchain/bin/../lib/gcc/avr/5.4.0/../../../../avr/lib/avr6\libm.a(addsf3x.o) (__fp_split3)
c:/program files (x86)/atmel/studio/7.0/toolchain/avr8/avr8-gnu-toolchain/bin/../lib/gcc/avr/5.4.0/../../../../avr/lib/avr6\libm.a(fp_zero.o)
                              c:/program files (x86)/atmel/studio/7.0/toolchain/avr8/avr8-gnu-toolchain/bin/../lib/gcc/avr/5.4.0/../../../../avr/lib/avr6\libm.a(addsf3x.o) (__fp_zero)
c:/program files (x86)/atmel/studio/7.0/toolchain/avr8/avr8-gnu-toolchain/bin/../lib/gcc/avr/5.4.0/../../../../avr/lib/avr6\libm.a(gesf2.o)
                              AccelStepper.o (__gtsf2)
c:/program files (x86)/atmel/studio/7.0/toolchain/avr8/avr8-gnu-toolchain/bin/../lib/gcc/avr/5.4.0/../../../../avr/lib/avr6\libm.a(mulsf3.o)
                              AccelStepper.o (__mulsf3)
[...]
Memory Configuration

Name             Origin             Length             Attributes
text             0x00000000         0x00100000         xr
data             0x00800200         0x0000fe00         rw !x
eeprom           0x00810000         0x00010000         rw !x
fuse             0x00820000         0x00000003         rw !x
lock             0x00830000         0x00000400         rw !x
signature        0x00840000         0x00000400         rw !x
user_signatures  0x00850000         0x00000400         rw !x
*default*        0x00000000         0xffffffff

Linker script and memory map

Address of section .data set to 0x800200
LOAD C:/Program Files (x86)/Atmel/Studio/7.0/Packs/atmel/ATmega_DFP/1.3.300/gcc/dev/atmega2560/avr6/crtatmega2560.o
LOAD AbstractPWMControl.o
LOAD AccelStepper.o
LOAD ConfigurationStore.o
LOAD HardwareSerial/HardwareSerial.o
LOAD HardwareSerial/HardwareSerial0.o
LOAD HardwareSerial/HardwareSerial1.o
LOAD HardwareSerial/HardwareSerial2.o
LOAD HardwareSerial/HardwareSerial3.o
LOAD main.o
LOAD pins.o
LOAD Propulsion/AbstractMotorControl.o
LOAD Propulsion/HBridgeDriver.o
LOAD Propulsion/RoboteqDevice.o
LOAD Propulsion/SplitBridgeDriver.o
LOAD Propulsion/SwitchBridgeDriver.o
LOAD RoboCore_main.o
LOAD new.o
LOAD Print.o
LOAD Servo.o
LOAD Stream.o
LOAD Ultrasonic.o
LOAD VariablePWMDriver.o
LOAD watchdog.o
LOAD WHardwareTimer.o
LOAD WInterrupts.o
LOAD WPCInterrupts.o
LOAD WPWM.o
LOAD WShift.o
LOAD WString.o
START GROUP
LOAD c:/program files (x86)/atmel/studio/7.0/toolchain/avr8/avr8-gnu-toolchain/bin/../lib/gcc/avr/5.4.0/../../../../avr/lib/avr6\libm.a
END GROUP
LOAD c:/program files (x86)/atmel/studio/7.0/toolchain/avr8/avr8-gnu-toolchain/bin/../lib/gcc/avr/5.4.0/avr6\libgcc.a
LOAD c:/program files (x86)/atmel/studio/7.0/toolchain/avr8/avr8-gnu-toolchain/bin/../lib/gcc/avr/5.4.0/../../../../avr/lib/avr6\libm.a
START GROUP
LOAD c:/program files (x86)/atmel/studio/7.0/toolchain/avr8/avr8-gnu-toolchain/bin/../lib/gcc/avr/5.4.0/avr6\libgcc.a
LOAD c:/program files (x86)/atmel/studio/7.0/toolchain/avr8/avr8-gnu-toolchain/bin/../lib/gcc/avr/5.4.0/../../../../avr/lib/avr6\libm.a
LOAD c:/program files (x86)/atmel/studio/7.0/toolchain/avr8/avr8-gnu-toolchain/bin/../lib/gcc/avr/5.4.0/../../../../avr/lib/avr6\libc.a
LOAD C:/Program Files (x86)/Atmel/Studio/7.0/Packs/atmel/ATmega_DFP/1.3.300/gcc/dev/atmega2560/avr6\libatmega2560.a
END GROUP
                0x00000000                __TEXT_REGION_ORIGIN__ = DEFINED (__TEXT_REGION_ORIGIN__)?__TEXT_REGION_ORIGIN__:0x0
                0x00800200                __DATA_REGION_ORIGIN__ = DEFINED (__DATA_REGION_ORIGIN__)?__DATA_REGION_ORIGIN__:0x800200
                0x00100000                __TEXT_REGION_LENGTH__ = DEFINED (__TEXT_REGION_LENGTH__)?__TEXT_REGION_LENGTH__:0x100000
                0x0000fe00                __DATA_REGION_LENGTH__ = DEFINED (__DATA_REGION_LENGTH__)?__DATA_REGION_LENGTH__:0xfe00
                0x00010000                __EEPROM_REGION_LENGTH__ = DEFINED (__EEPROM_REGION_LENGTH__)?__EEPROM_REGION_LENGTH__:0x10000
                [0x00000003]                __FUSE_REGION_LENGTH__ = DEFINED (__FUSE_REGION_LENGTH__)?__FUSE_REGION_LENGTH__:0x400
                0x00000400                __LOCK_REGION_LENGTH__ = DEFINED (__LOCK_REGION_LENGTH__)?__LOCK_REGION_LENGTH__:0x400
                0x00000400                __SIGNATURE_REGION_LENGTH__ = DEFINED (__SIGNATURE_REGION_LENGTH__)?__SIGNATURE_REGION_LENGTH__:0x400
                0x00000400                __USER_SIGNATURE_REGION_LENGTH__ = DEFINED (__USER_SIGNATURE_REGION_LENGTH__)?__USER_SIGNATURE_REGION_LENGTH__:0x400

.hash
 *(.hash)

.dynsym
 *(.dynsym)

.dynstr
 *(.dynstr)

.gnu.version
 *(.gnu.version)

.gnu.version_d
 *(.gnu.version_d)

.gnu.version_r
 *(.gnu.version_r)

.rel.init
 *(.rel.init)

.rela.init
 *(.rela.init)

.rel.text
 *(.rel.text)
 *(.rel.text.*)
 *(.rel.gnu.linkonce.t*)

.rela.text
 *(.rela.text)
 *(.rela.text.*)
 *(.rela.gnu.linkonce.t*)

.rel.fini
 *(.rel.fini)

.rela.fini
 *(.rela.fini)

.rel.rodata
 *(.rel.rodata)
 *(.rel.rodata.*)
 *(.rel.gnu.linkonce.r*)

.rela.rodata
 *(.rela.rodata)
 *(.rela.rodata.*)
 *(.rela.gnu.linkonce.r*)

.rel.data
 *(.rel.data)
 *(.rel.data.*)
 *(.rel.gnu.linkonce.d*)

.rela.data
 *(.rela.data)
 *(.rela.data.*)
 *(.rela.gnu.linkonce.d*)

.rel.ctors
 *(.rel.ctors)

.rela.ctors
 *(.rela.ctors)

.rel.dtors
 *(.rel.dtors)

.rela.dtors
 *(.rela.dtors)

.rel.got
 *(.rel.got)

.rela.got
 *(.rela.got)

.rel.bss
 *(.rel.bss)

.rela.bss
 *(.rela.bss)

.rel.plt
 *(.rel.plt)

.rela.plt
 *(.rela.plt)

.text           0x00000000    0x165a2
 *(.vectors)
 .vectors       0x00000000       0xe4 C:/Program Files (x86)/Atmel/Studio/7.0/Packs/atmel/ATmega_DFP/1.3.300/gcc/dev/atmega2560/avr6/crtatmega2560.o
                0x00000000                __vector_default
                0x00000000                __vectors
 *(.vectors)
 *(.progmem.gcc*)
 .progmem.gcc_sw_table._ZN12AccelStepper4stepEl
                0x000000e4       0x12 AccelStepper.o
 .progmem.gcc_sw_table._ZN12AccelStepper5step8El
                0x000000f6       0x10 AccelStepper.o
 .progmem.gcc_sw_table._ZN12AccelStepper13setOutputPinsEh
                0x00000106       0x20 AccelStepper.o
 .progmem.gcc_sw_table._ZN12AccelStepper13enableOutputsEv
                0x00000126       0x20 AccelStepper.o
 .progmem.gcc_sw_table._ZN12AccelStepper14disableOutputsEv
                0x00000146       0x20 AccelStepper.o
 .progmem.gcc_sw_table._ZN13HBridgeDriver17commandMotorPowerEhi
                0x00000166       0x80 Propulsion/HBridgeDriver.o
 .progmem.gcc_sw_table._ZN17SplitBridgeDriver17commandMotorPowerEhi
                0x000001e6       0x20 Propulsion/SplitBridgeDriver.o
 .progmem.gcc_sw_table._ZN17SplitBridgeDriver20commandEmergencyStopEi
                0x00000206       0x20 Propulsion/SplitBridgeDriver.o
 .progmem.gcc_sw_table._ZN18SwitchBridgeDriver20commandEmergencyStopEi
                0x00000226       0x40 Propulsion/SwitchBridgeDriver.o
 .progmem.gcc_sw_table._ZN18SwitchBridgeDriver17commandMotorPowerEhi
                0x00000266       0x40 Propulsion/SwitchBridgeDriver.o
 .progmem.gcc_sw_table._ZN7Digital12digitalWriteEh
                0x000002a6       0x20 RoboCore_main.o
 .progmem.gcc_sw_table._Z12printDigitalP7Digitali
                0x000002c6       0x20 RoboCore_main.o
 .progmem.gcc_sw_table._Z12processMCodei
                0x000002e6       0x60 RoboCore_main.o
 .progmem.gcc_sw_table._ZN10Ultrasonic8getRangeEv
                0x00000346       0x60 Ultrasonic.o
 .progmem.gcc_sw_table._ZN17VariablePWMDriver15commandPWMLevelEhi
                0x000003a6       0x20 VariablePWMDriver.o
 .progmem.gcc_sw_table._ZN17VariablePWMDriver20commandEmergencyStopEi
                0x000003c6       0x20 VariablePWMDriver.o
 .progmem.gcc_sw_table._ZN13HardwareTimer14setClockSourceEh
                0x000003e6       0x20 WHardwareTimer.o
 .progmem.gcc_sw_table._ZN3PWM12digitalWriteEh
                0x00000406       0x20 WPWM.o
 .progmem.gcc_sw_table._ZN3PWM4initEh
                0x00000426       0x20 WPWM.o
                0x00000446                . = ALIGN (0x2)
                0x00000446                __trampolines_start = .
 *(.trampolines)
 .trampolines   0x00000446        0x0 linker stubs
 *(.trampolines*)
                0x00000446                __trampolines_end = .
 *libprintf_flt.a:*(.progmem.data)
 *libc.a:*(.progmem.data)
 .progmem.data  0x00000446       0x3b c:/program files (x86)/atmel/studio/7.0/toolchain/avr8/avr8-gnu-toolchain/bin/../lib/gcc/avr/5.4.0/../../../../avr/lib/avr6\libc.a(strtod.o)
 .progmem.data  0x00000481        0xc c:/program files (x86)/atmel/studio/7.0/toolchain/avr8/avr8-gnu-toolchain/bin/../lib/gcc/avr/5.4.0/../../../../avr/lib/avr6\libc.a(vfscanf_std.o)
 *(.progmem*)
 .progmem.data._ZL24digital_pin_to_timer_PGM
                0x0000048d       0x46 AccelStepper.o
 .progmem.data._ZL27digital_pin_to_bit_mask_PGM
                0x000004d3       0x46 AccelStepper.o
 .progmem.data._ZL23digital_pin_to_port_PGM
                0x00000519       0x46 AccelStepper.o
 .progmem.data._ZL18port_to_output_PGM
                0x0000055f       0x1a AccelStepper.o
 .progmem.data._ZL16port_to_mode_PGM
                0x00000579       0x1a AccelStepper.o
 .progmem.data._ZZ20Config_PrintSettingsvE3__c_6
                0x00000593        0x3 ConfigurationStore.o
 .progmem.data._ZZ20Config_PrintSettingsvE3__c_5
                0x00000596        0x7 ConfigurationStore.o
 .progmem.data._ZZ20Config_PrintSettingsvE3__c_4
                0x0000059d        0x2 ConfigurationStore.o
 .progmem.data._ZZ20Config_PrintSettingsvE3__c_3
                0x0000059f        0x3 ConfigurationStore.o
 .progmem.data._ZZ20Config_PrintSettingsvE3__c_2
                0x000005a2        0x3 ConfigurationStore.o
 .progmem.data._ZZ20Config_PrintSettingsvE3__c_1
                0x000005a5        0x2 ConfigurationStore.o
 .progmem.data._ZZ20Config_PrintSettingsvE3__c_0
                0x000005a7        0x7 ConfigurationStore.o
 .progmem.data._ZZ20Config_PrintSettingsvE3__c
                0x000005ae        0x2 ConfigurationStore.o
 .progmem.data._ZL24digital_pin_to_timer_PGM
                0x000005b0       0x46 Propulsion/HBridgeDriver.o
 .progmem.data._ZL27digital_pin_to_bit_mask_PGM
                0x000005f6       0x46 Propulsion/HBridgeDriver.o
 .progmem.data._ZL23digital_pin_to_port_PGM
                0x0000063c       0x46 Propulsion/HBridgeDriver.o
 .progmem.data._ZL18port_to_output_PGM
                0x00000682       0x1a Propulsion/HBridgeDriver.o
 .progmem.data._ZL16port_to_mode_PGM
                0x0000069c       0x1a Propulsion/HBridgeDriver.o
 .progmem.data._ZL24digital_pin_to_timer_PGM
                0x000006b6       0x46 Propulsion/SplitBridgeDriver.o
 .progmem.data._ZL27digital_pin_to_bit_mask_PGM
                0x000006fc       0x46 Propulsion/SplitBridgeDriver.o
 .progmem.data._ZL23digital_pin_to_port_PGM
                0x00000742       0x46 Propulsion/SplitBridgeDriver.o
 .progmem.data._ZL18port_to_output_PGM
                0x00000788       0x1a Propulsion/SplitBridgeDriver.o
 .progmem.data._ZL16port_to_mode_PGM
                0x000007a2       0x1a Propulsion/SplitBridgeDriver.o
 .progmem.data._ZL24digital_pin_to_timer_PGM
                0x000007bc       0x46 Propulsion/SwitchBridgeDriver.o
 .progmem.data._ZL27digital_pin_to_bit_mask_PGM
                0x00000802       0x46 Propulsion/SwitchBridgeDriver.o
 .progmem.data._ZL23digital_pin_to_port_PGM
                0x00000848       0x46 Propulsion/SwitchBridgeDriver.o
 .progmem.data._ZL18port_to_output_PGM
                0x0000088e       0x1a Propulsion/SwitchBridgeDriver.o
 .progmem.data._ZL16port_to_mode_PGM
                0x000008a8       0x1a Propulsion/SwitchBridgeDriver.o
 .progmem.data._ZZ12printDigitalP7DigitaliE3__c_4
                0x000008c2        0x3 RoboCore_main.o
 .progmem.data._ZZ12printDigitalP7DigitaliE3__c_3
                0x000008c5        0xb RoboCore_main.o
 .progmem.data._ZZ12printDigitalP7DigitaliE3__c_2
                0x000008d0        0x2 RoboCore_main.o
 .progmem.data._ZZ12printDigitalP7DigitaliE3__c_1
                0x000008d2        0x2 RoboCore_main.o
 .progmem.data._ZZ12printDigitalP7DigitaliE3__c_0
                0x000008d4        0xb RoboCore_main.o
 .progmem.data._ZZ12printDigitalP7DigitaliE3__c
                0x000008df        0x2 RoboCore_main.o
 .progmem.data._ZZ11printAnalogP6AnalogiE3__c_4
                0x000008e1        0x3 RoboCore_main.o
 .progmem.data._ZZ11printAnalogP6AnalogiE3__c_3
                0x000008e4        0xa RoboCore_main.o
 .progmem.data._ZZ11printAnalogP6AnalogiE3__c_2
                0x000008ee        0x2 RoboCore_main.o
 .progmem.data._ZZ11printAnalogP6AnalogiE3__c_1
                0x000008f0        0x2 RoboCore_main.o
 .progmem.data._ZZ11printAnalogP6AnalogiE3__c_0
                0x000008f2        0xa RoboCore_main.o
 .progmem.data._ZZ11printAnalogP6AnalogiE3__c
                0x000008fc        0x2 RoboCore_main.o
 .progmem.data._ZZ15printUltrasonicP10UltrasoniciE3__c_6
                0x000008fe        0x3 RoboCore_main.o
 .progmem.data._ZZ15printUltrasonicP10UltrasoniciE3__c_5
                0x00000901        0xb RoboCore_main.o
 .progmem.data._ZZ15printUltrasonicP10UltrasoniciE3__c_4
                0x0000090c        0x2 RoboCore_main.o
 .progmem.data._ZZ15printUltrasonicP10UltrasoniciE3__c_3
                0x0000090e        0x3 RoboCore_main.o
 .progmem.data._ZZ15printUltrasonicP10UltrasoniciE3__c_2
                0x00000911        0x3 RoboCore_main.o
 .progmem.data._ZZ15printUltrasonicP10UltrasoniciE3__c_1
                0x00000914        0x2 RoboCore_main.o
 .progmem.data._ZZ15printUltrasonicP10UltrasoniciE3__c_0
                0x00000916        0xb RoboCore_main.o
 .progmem.data._ZZ15printUltrasonicP10UltrasoniciE3__c
                0x00000921        0x2 RoboCore_main.o
 .progmem.data._ZZ19publishBatteryVoltsiE3__c_5
                0x00000923        0x3 RoboCore_main.o
 .progmem.data._ZZ19publishBatteryVoltsiE3__c_4
                0x00000926        0x8 RoboCore_main.o
 .progmem.data._ZZ19publishBatteryVoltsiE3__c_3
                0x0000092e        0x2 RoboCore_main.o
 .progmem.data._ZZ19publishBatteryVoltsiE3__c_2
                0x00000930        0x3 RoboCore_main.o
 .progmem.data._ZZ19publishBatteryVoltsiE3__c_1
                0x00000933        0x2 RoboCore_main.o
 .progmem.data._ZZ19publishBatteryVoltsiE3__c_0
                0x00000935        0x8 RoboCore_main.o
 .progmem.data._ZZ19publishBatteryVoltsiE3__c
                0x0000093d        0x2 RoboCore_main.o
 .progmem.data._ZZ21publishMotorFaultCodeiE3__c_12
                0x0000093f        0x3 RoboCore_main.o
 .progmem.data._ZZ21publishMotorFaultCodeiE3__c_11
                0x00000942        0xb RoboCore_main.o
 .progmem.data._ZZ21publishMotorFaultCodeiE3__c_10
                0x0000094d        0x2 RoboCore_main.o
 .progmem.data._ZZ21publishMotorFaultCodeiE3__c_9
                0x0000094f       0x1c RoboCore_main.o
 .progmem.data._ZZ21publishMotorFaultCodeiE3__c_8
                0x0000096b        0xf RoboCore_main.o
 .progmem.data._ZZ21publishMotorFaultCodeiE3__c_7
                0x0000097a       0x17 RoboCore_main.o
 .progmem.data._ZZ21publishMotorFaultCodeiE3__c_6
                0x00000991        0xf RoboCore_main.o
 .progmem.data._ZZ21publishMotorFaultCodeiE3__c_5
                0x000009a0        0xe RoboCore_main.o
 .progmem.data._ZZ21publishMotorFaultCodeiE3__c_4
                0x000009ae        0xd RoboCore_main.o
 .progmem.data._ZZ21publishMotorFaultCodeiE3__c_3
                0x000009bb        0xc RoboCore_main.o
 .progmem.data._ZZ21publishMotorFaultCodeiE3__c_2
                0x000009c7        0x9 RoboCore_main.o
 .progmem.data._ZZ21publishMotorFaultCodeiE3__c_1
                0x000009d0        0x2 RoboCore_main.o
 .progmem.data._ZZ21publishMotorFaultCodeiE3__c_0
                0x000009d2        0xb RoboCore_main.o
 .progmem.data._ZZ21publishMotorFaultCodeiE3__c
                0x000009dd        0x2 RoboCore_main.o
 .progmem.data._ZZ24FlushSerialRequestResendvE3__c
                0x000009df        0x9 RoboCore_main.o
 .progmem.data._ZZ12processMCodeiE3__c_302
                0x000009e8        0x3 RoboCore_main.o
 .progmem.data._ZZ12processMCodeiE3__c_301
                0x000009eb       0x10 RoboCore_main.o
 .progmem.data._ZZ12processMCodeiE3__c_300
                0x000009fb        0x2 RoboCore_main.o
 .progmem.data._ZZ12processMCodeiE3__c_299
                0x000009fd        0x3 RoboCore_main.o
 .progmem.data._ZZ12processMCodeiE3__c_298
                0x00000a00        0x5 RoboCore_main.o
 .progmem.data._ZZ12processMCodeiE3__c_297
                0x00000a05        0x2 RoboCore_main.o
 .progmem.data._ZZ12processMCodeiE3__c_296
                0x00000a07        0x3 RoboCore_main.o
 .progmem.data._ZZ12processMCodeiE3__c_295
                0x00000a0a        0xa RoboCore_main.o
 .progmem.data._ZZ12processMCodeiE3__c_294
                0x00000a14        0x2 RoboCore_main.o
 .progmem.data._ZZ12processMCodeiE3__c_293
                0x00000a16        0x2 RoboCore_main.o
 .progmem.data._ZZ12processMCodeiE3__c_292
                0x00000a18        0xa RoboCore_main.o
 .progmem.data._ZZ12processMCodeiE3__c_291
                0x00000a22        0x2 RoboCore_main.o
 .progmem.data._ZZ12processMCodeiE3__c_290
                0x00000a24        0x3 RoboCore_main.o
 .progmem.data._ZZ12processMCodeiE3__c_289
                0x00000a27        0x5 RoboCore_main.o
 .progmem.data._ZZ12processMCodeiE3__c_288
                0x00000a2c        0x2 RoboCore_main.o
 .progmem.data._ZZ12processMCodeiE3__c_287
                0x00000a2e        0x3 RoboCore_main.o
 .progmem.data._ZZ12processMCodeiE3__c_286
                0x00000a31        0x5 RoboCore_main.o
 .progmem.data._ZZ12processMCodeiE3__c_285
                0x00000a36        0x2 RoboCore_main.o
 .progmem.data._ZZ12processMCodeiE3__c_284
                0x00000a38        0x3 RoboCore_main.o
 .progmem.data._ZZ12processMCodeiE3__c_283
                0x00000a3b        0x5 RoboCore_main.o
 .progmem.data._ZZ12processMCodeiE3__c_282
                0x00000a40        0x2 RoboCore_main.o
 .progmem.data._ZZ12processMCodeiE3__c_281
                0x00000a42        0x3 RoboCore_main.o
 .progmem.data._ZZ12processMCodeiE3__c_280
                0x00000a45       0x11 RoboCore_main.o
 .progmem.data._ZZ12processMCodeiE3__c_279
                0x00000a56        0x2 RoboCore_main.o
 .progmem.data._ZZ12processMCodeiE3__c_278
                0x00000a58        0xf RoboCore_main.o
 .progmem.data._ZZ12processMCodeiE3__c_277
                0x00000a67        0xd RoboCore_main.o
 .progmem.data._ZZ12processMCodeiE3__c_276
                0x00000a74        0x2 RoboCore_main.o
 .progmem.data._ZZ12processMCodeiE3__c_275
                0x00000a76       0x11 RoboCore_main.o
 .progmem.data._ZZ12processMCodeiE3__c_274
                0x00000a87        0x2 RoboCore_main.o
 .progmem.data._ZZ12processMCodeiE3__c_273
                0x00000a89        0x3 RoboCore_main.o
 .progmem.data._ZZ12processMCodeiE3__c_272
                0x00000a8c        0xd RoboCore_main.o
 .progmem.data._ZZ12processMCodeiE3__c_271
                0x00000a99        0x2 RoboCore_main.o
 .progmem.data._ZZ12processMCodeiE3__c_270
                0x00000a9b        0x2 RoboCore_main.o
 .progmem.data._ZZ12processMCodeiE3__c_269
                0x00000a9d        0xd RoboCore_main.o
 .progmem.data._ZZ12processMCodeiE3__c_268
                0x00000aaa        0x2 RoboCore_main.o
 .progmem.data._ZZ12processMCodeiE3__c_267
                0x00000aac        0x3 RoboCore_main.o
 .progmem.data._ZZ12processMCodeiE3__c_266
                0x00000aaf       0x12 RoboCore_main.o
 .progmem.data._ZZ12processMCodeiE3__c_265
                0x00000ac1        0x2 RoboCore_main.o
 .progmem.data._ZZ12processMCodeiE3__c_264
                0x00000ac3        0xb RoboCore_main.o
 .progmem.data._ZZ12processMCodeiE3__c_263
                0x00000ace        0xc RoboCore_main.o
 .progmem.data._ZZ12processMCodeiE3__c_262
                0x00000ada        0xd RoboCore_main.o
 .progmem.data._ZZ12processMCodeiE3__c_261
                0x00000ae7        0x2 RoboCore_main.o
 .progmem.data._ZZ12processMCodeiE3__c_260
                0x00000ae9       0x12 RoboCore_main.o
 .progmem.data._ZZ12processMCodeiE3__c_259
                0x00000afb        0x2 RoboCore_main.o
 .progmem.data._ZZ12processMCodeiE3__c_258
                0x00000afd        0x3 RoboCore_main.o
 .progmem.data._ZZ12processMCodeiE3__c_257
                0x00000b00       0x14 RoboCore_main.o
 .progmem.data._ZZ12processMCodeiE3__c_256
                0x00000b14        0x2 RoboCore_main.o
 .progmem.data._ZZ12processMCodeiE3__c_255
                0x00000b16        0x6 RoboCore_main.o
 .progmem.data._ZZ12processMCodeiE3__c_254
                0x00000b1c        0xe RoboCore_main.o
 .progmem.data._ZZ12processMCodeiE3__c_253
                0x00000b2a        0x9 RoboCore_main.o
 .progmem.data._ZZ12processMCodeiE3__c_252
                0x00000b33        0x5 RoboCore_main.o
 .progmem.data._ZZ12processMCodeiE3__c_251
                0x00000b38       0x11 RoboCore_main.o
 .progmem.data._ZZ12processMCodeiE3__c_250
                0x00000b49        0x6 RoboCore_main.o
 .progmem.data._ZZ12processMCodeiE3__c_249
                0x00000b4f        0xb RoboCore_main.o
 .progmem.data._ZZ12processMCodeiE3__c_248
                0x00000b5a        0x8 RoboCore_main.o
 .progmem.data._ZZ12processMCodeiE3__c_247
                0x00000b62        0xe RoboCore_main.o
 .progmem.data._ZZ12processMCodeiE3__c_246
                0x00000b70        0xf RoboCore_main.o
 .progmem.data._ZZ12processMCodeiE3__c_245
                0x00000b7f        0xc RoboCore_main.o
 .progmem.data._ZZ12processMCodeiE3__c_244
                0x00000b8b        0x8 RoboCore_main.o
 .progmem.data._ZZ12processMCodeiE3__c_243
                0x00000b93        0xc RoboCore_main.o
 .progmem.data._ZZ12processMCodeiE3__c_242
                0x00000b9f        0xf RoboCore_main.o
 .progmem.data._ZZ12processMCodeiE3__c_241
                0x00000bae        0x2 RoboCore_main.o
 .progmem.data._ZZ12processMCodeiE3__c_240
                0x00000bb0       0x14 RoboCore_main.o
 .progmem.data._ZZ12processMCodeiE3__c_239
                0x00000bc4        0x2 RoboCore_main.o
 .progmem.data._ZZ12processMCodeiE3__c_238
                0x00000bc6        0x3 RoboCore_main.o
 .progmem.data._ZZ12processMCodeiE3__c_237
                0x00000bc9        0xe RoboCore_main.o
 .progmem.data._ZZ12processMCodeiE3__c_236
                0x00000bd7        0x2 RoboCore_main.o
 .progmem.data._ZZ12processMCodeiE3__c_235
                0x00000bd9       0x11 RoboCore_main.o
 .progmem.data._ZZ12processMCodeiE3__c_234
                0x00000bea        0x8 RoboCore_main.o
 .progmem.data._ZZ12processMCodeiE3__c_233
                0x00000bf2        0xe RoboCore_main.o
 .progmem.data._ZZ12processMCodeiE3__c_232
                0x00000c00        0x7 RoboCore_main.o
 .progmem.data._ZZ12processMCodeiE3__c_231
                0x00000c07       0x10 RoboCore_main.o
 .progmem.data._ZZ12processMCodeiE3__c_230
                0x00000c17        0x5 RoboCore_main.o
 .progmem.data._ZZ12processMCodeiE3__c_229
                0x00000c1c        0x2 RoboCore_main.o
 .progmem.data._ZZ12processMCodeiE3__c_228
                0x00000c1e        0xe RoboCore_main.o
 .progmem.data._ZZ12processMCodeiE3__c_227
                0x00000c2c        0x2 RoboCore_main.o
 .progmem.data._ZZ12processMCodeiE3__c_226
                0x00000c2e        0x3 RoboCore_main.o
 .progmem.data._ZZ12processMCodeiE3__c_225
                0x00000c31       0x15 RoboCore_main.o
 .progmem.data._ZZ12processMCodeiE3__c_224
                0x00000c46        0x2 RoboCore_main.o
 .progmem.data._ZZ12processMCodeiE3__c_223
                0x00000c48        0x5 RoboCore_main.o
 .progmem.data._ZZ12processMCodeiE3__c_222
                0x00000c4d        0x2 RoboCore_main.o
 .progmem.data._ZZ12processMCodeiE3__c_221
                0x00000c4f       0x15 RoboCore_main.o
 .progmem.data._ZZ12processMCodeiE3__c_220
                0x00000c64        0x2 RoboCore_main.o
 .progmem.data._ZZ12processMCodeiE3__c_219
                0x00000c66        0x3 RoboCore_main.o
 .progmem.data._ZZ12processMCodeiE3__c_218
                0x00000c69       0x11 RoboCore_main.o
 .progmem.data._ZZ12processMCodeiE3__c_217
                0x00000c7a        0x2 RoboCore_main.o
 .progmem.data._ZZ12processMCodeiE3__c_216
                0x00000c7c       0x11 RoboCore_main.o
 .progmem.data._ZZ12processMCodeiE3__c_215
                0x00000c8d        0x8 RoboCore_main.o
 .progmem.data._ZZ12processMCodeiE3__c_214
                0x00000c95        0xe RoboCore_main.o
 .progmem.data._ZZ12processMCodeiE3__c_213
                0x00000ca3        0x7 RoboCore_main.o
 .progmem.data._ZZ12processMCodeiE3__c_212
                0x00000caa        0x2 RoboCore_main.o
 .progmem.data._ZZ12processMCodeiE3__c_211
                0x00000cac       0x11 RoboCore_main.o
 .progmem.data._ZZ12processMCodeiE3__c_210
                0x00000cbd        0x2 RoboCore_main.o
 .progmem.data._ZZ12processMCodeiE3__c_209
                0x00000cbf        0x3 RoboCore_main.o
 .progmem.data._ZZ12processMCodeiE3__c_208
                0x00000cc2       0x12 RoboCore_main.o
 .progmem.data._ZZ12processMCodeiE3__c_207
                0x00000cd4        0x2 RoboCore_main.o
 .progmem.data._ZZ12processMCodeiE3__c_206
                0x00000cd6       0x11 RoboCore_main.o
 .progmem.data._ZZ12processMCodeiE3__c_205
                0x00000ce7        0x8 RoboCore_main.o
 .progmem.data._ZZ12processMCodeiE3__c_204
                0x00000cef        0xe RoboCore_main.o
 .progmem.data._ZZ12processMCodeiE3__c_203
                0x00000cfd        0x7 RoboCore_main.o
 .progmem.data._ZZ12processMCodeiE3__c_202
                0x00000d04        0x2 RoboCore_main.o
 .progmem.data._ZZ12processMCodeiE3__c_201
                0x00000d06       0x12 RoboCore_main.o
 .progmem.data._ZZ12processMCodeiE3__c_200
                0x00000d18        0x2 RoboCore_main.o
 .progmem.data._ZZ12processMCodeiE3__c_199
                0x00000d1a        0x3 RoboCore_main.o
 .progmem.data._ZZ12processMCodeiE3__c_198
                0x00000d1d        0x7 RoboCore_main.o
 .progmem.data._ZZ12processMCodeiE3__c_197
                0x00000d24        0x2 RoboCore_main.o
 .progmem.data._ZZ12processMCodeiE3__c_196
                0x00000d26        0xf RoboCore_main.o
 .progmem.data._ZZ12processMCodeiE3__c_195
                0x00000d35       0x18 RoboCore_main.o
 .progmem.data._ZZ12processMCodeiE3__c_194
                0x00000d4d        0xc RoboCore_main.o
 .progmem.data._ZZ12processMCodeiE3__c_193
                0x00000d59       0x15 RoboCore_main.o
 .progmem.data._ZZ12processMCodeiE3__c_192
                0x00000d6e       0x10 RoboCore_main.o
 .progmem.data._ZZ12processMCodeiE3__c_191
                0x00000d7e        0x6 RoboCore_main.o
 .progmem.data._ZZ12processMCodeiE3__c_190
                0x00000d84        0xf RoboCore_main.o
 .progmem.data._ZZ12processMCodeiE3__c_189
                0x00000d93        0xf RoboCore_main.o
 .progmem.data._ZZ12processMCodeiE3__c_188
                0x00000da2       0x10 RoboCore_main.o
 .progmem.data._ZZ12processMCodeiE3__c_187
                0x00000db2        0xf RoboCore_main.o
 .progmem.data._ZZ12processMCodeiE3__c_186
                0x00000dc1        0x8 RoboCore_main.o
 .progmem.data._ZZ12processMCodeiE3__c_185
                0x00000dc9        0x2 RoboCore_main.o
 .progmem.data._ZZ12processMCodeiE3__c_184
                0x00000dcb        0x7 RoboCore_main.o
 .progmem.data._ZZ12processMCodeiE3__c_183
                0x00000dd2        0x2 RoboCore_main.o
 .progmem.data._ZZ12processMCodeiE3__c_182
                0x00000dd4        0x3 RoboCore_main.o
 .progmem.data._ZZ12processMCodeiE3__c_181
                0x00000dd7        0x5 RoboCore_main.o
 .progmem.data._ZZ12processMCodeiE3__c_180
                0x00000ddc        0x2 RoboCore_main.o
 .progmem.data._ZZ12processMCodeiE3__c_179
                0x00000dde        0x3 RoboCore_main.o
 .progmem.data._ZZ12processMCodeiE3__c_178
                0x00000de1        0x5 RoboCore_main.o
 .progmem.data._ZZ12processMCodeiE3__c_177
                0x00000de6        0x2 RoboCore_main.o
 .progmem.data._ZZ12processMCodeiE3__c_176
                0x00000de8        0x3 RoboCore_main.o
 .progmem.data._ZZ12processMCodeiE3__c_175
                0x00000deb        0x5 RoboCore_main.o
 .progmem.data._ZZ12processMCodeiE3__c_174
                0x00000df0        0x2 RoboCore_main.o
 .progmem.data._ZZ12processMCodeiE3__c_173
                0x00000df2        0x3 RoboCore_main.o
 .progmem.data._ZZ12processMCodeiE3__c_172
                0x00000df5        0x5 RoboCore_main.o
 .progmem.data._ZZ12processMCodeiE3__c_171
                0x00000dfa        0x2 RoboCore_main.o
 .progmem.data._ZZ12processMCodeiE3__c_170
                0x00000dfc        0x3 RoboCore_main.o
 .progmem.data._ZZ12processMCodeiE3__c_169
                0x00000dff        0x5 RoboCore_main.o
 .progmem.data._ZZ12processMCodeiE3__c_168
                0x00000e04        0x2 RoboCore_main.o
 .progmem.data._ZZ12processMCodeiE3__c_167
                0x00000e06        0x3 RoboCore_main.o
 .progmem.data._ZZ12processMCodeiE3__c_166
                0x00000e09        0x5 RoboCore_main.o
 .progmem.data._ZZ12processMCodeiE3__c_165
                0x00000e0e        0x2 RoboCore_main.o
 .progmem.data._ZZ12processMCodeiE3__c_164
                0x00000e10        0x3 RoboCore_main.o
 .progmem.data._ZZ12processMCodeiE3__c_163
                0x00000e13        0x5 RoboCore_main.o
 .progmem.data._ZZ12processMCodeiE3__c_162
                0x00000e18        0x2 RoboCore_main.o
 .progmem.data._ZZ12processMCodeiE3__c_161
                0x00000e1a        0x3 RoboCore_main.o
 .progmem.data._ZZ12processMCodeiE3__c_160
                0x00000e1d        0x5 RoboCore_main.o
 .progmem.data._ZZ12processMCodeiE3__c_159
                0x00000e22        0x2 RoboCore_main.o
 .progmem.data._ZZ12processMCodeiE3__c_158
                0x00000e24        0x3 RoboCore_main.o
 .progmem.data._ZZ12processMCodeiE3__c_157
                0x00000e27        0x5 RoboCore_main.o
 .progmem.data._ZZ12processMCodeiE3__c_156
                0x00000e2c        0x2 RoboCore_main.o
 .progmem.data._ZZ12processMCodeiE3__c_155
                0x00000e2e        0x3 RoboCore_main.o
 .progmem.data._ZZ12processMCodeiE3__c_154
                0x00000e31        0x5 RoboCore_main.o
 .progmem.data._ZZ12processMCodeiE3__c_153
                0x00000e36        0x2 RoboCore_main.o
 .progmem.data._ZZ12processMCodeiE3__c_152
                0x00000e38        0x3 RoboCore_main.o
 .progmem.data._ZZ12processMCodeiE3__c_151
                0x00000e3b        0xb RoboCore_main.o
 .progmem.data._ZZ12processMCodeiE3__c_150
                0x00000e46        0x2 RoboCore_main.o
 .progmem.data._ZZ12processMCodeiE3__c_149
                0x00000e48        0x3 RoboCore_main.o
 .progmem.data._ZZ12processMCodeiE3__c_148
                0x00000e4b        0x3 RoboCore_main.o
 .progmem.data._ZZ12processMCodeiE3__c_147
                0x00000e4e        0x2 RoboCore_main.o
 .progmem.data._ZZ12processMCodeiE3__c_146
                0x00000e50        0xb RoboCore_main.o
 .progmem.data._ZZ12processMCodeiE3__c_145
                0x00000e5b        0x2 RoboCore_main.o
 .progmem.data._ZZ12processMCodeiE3__c_144
                0x00000e5d        0x3 RoboCore_main.o
 .progmem.data._ZZ12processMCodeiE3__c_143
                0x00000e60       0x23 RoboCore_main.o
 .progmem.data._ZZ12processMCodeiE3__c_142
                0x00000e83        0x2 RoboCore_main.o
 .progmem.data._ZZ12processMCodeiE3__c_141
                0x00000e85       0x81 RoboCore_main.o
 .progmem.data._ZZ12processMCodeiE3__c_140
                0x00000f06        0x2 RoboCore_main.o
 .progmem.data._ZZ12processMCodeiE3__c_139
                0x00000f08       0x23 RoboCore_main.o
 .progmem.data._ZZ12processMCodeiE3__c_138
                0x00000f2b        0x2 RoboCore_main.o
 .progmem.data._ZZ12processMCodeiE3__c_137
                0x00000f2d        0x3 RoboCore_main.o
 .progmem.data._ZZ12processMCodeiE3__c_136
                0x00000f30        0x4 RoboCore_main.o
 .progmem.data._ZZ12processMCodeiE3__c_135
                0x00000f34        0x2 RoboCore_main.o
 .progmem.data._ZZ12processMCodeiE3__c_134
                0x00000f36        0x3 RoboCore_main.o
 .progmem.data._ZZ12processMCodeiE3__c_133
                0x00000f39        0x4 RoboCore_main.o
 .progmem.data._ZZ12processMCodeiE3__c_132
                0x00000f3d        0x2 RoboCore_main.o
 .progmem.data._ZZ12processMCodeiE3__c_131
                0x00000f3f        0x3 RoboCore_main.o
 .progmem.data._ZZ12processMCodeiE3__c_130
                0x00000f42        0x4 RoboCore_main.o
 .progmem.data._ZZ12processMCodeiE3__c_129
                0x00000f46        0x2 RoboCore_main.o
 .progmem.data._ZZ12processMCodeiE3__c_128
                0x00000f48        0x3 RoboCore_main.o
 .progmem.data._ZZ12processMCodeiE3__c_127
                0x00000f4b        0xa RoboCore_main.o
 .progmem.data._ZZ12processMCodeiE3__c_126
                0x00000f55        0x2 RoboCore_main.o
 .progmem.data._ZZ12processMCodeiE3__c_125
                0x00000f57        0x3 RoboCore_main.o
 .progmem.data._ZZ12processMCodeiE3__c_124
                0x00000f5a        0x3 RoboCore_main.o
 .progmem.data._ZZ12processMCodeiE3__c_123
                0x00000f5d        0x2 RoboCore_main.o
 .progmem.data._ZZ12processMCodeiE3__c_122
                0x00000f5f        0xa RoboCore_main.o
 .progmem.data._ZZ12processMCodeiE3__c_121
                0x00000f69        0x2 RoboCore_main.o
 .progmem.data._ZZ12processMCodeiE3__c_120
                0x00000f6b        0x3 RoboCore_main.o
 .progmem.data._ZZ12processMCodeiE3__c_119
                0x00000f6e        0x4 RoboCore_main.o
 .progmem.data._ZZ12processMCodeiE3__c_118
                0x00000f72        0x2 RoboCore_main.o
 .progmem.data._ZZ12processMCodeiE3__c_117
                0x00000f74        0x3 RoboCore_main.o
 .progmem.data._ZZ12processMCodeiE3__c_116
                0x00000f77        0x4 RoboCore_main.o
 .progmem.data._ZZ12processMCodeiE3__c_115
                0x00000f7b        0x2 RoboCore_main.o
 .progmem.data._ZZ12processMCodeiE3__c_114
                0x00000f7d        0x3 RoboCore_main.o
 .progmem.data._ZZ12processMCodeiE3__c_113
                0x00000f80        0xb RoboCore_main.o
 .progmem.data._ZZ12processMCodeiE3__c_112
                0x00000f8b        0x2 RoboCore_main.o
 .progmem.data._ZZ12processMCodeiE3__c_111
                0x00000f8d        0x3 RoboCore_main.o
 .progmem.data._ZZ12processMCodeiE3__c_110
                0x00000f90        0x3 RoboCore_main.o
 .progmem.data._ZZ12processMCodeiE3__c_109
                0x00000f93        0x2 RoboCore_main.o
 .progmem.data._ZZ12processMCodeiE3__c_108
                0x00000f95        0xb RoboCore_main.o
 .progmem.data._ZZ12processMCodeiE3__c_107
                0x00000fa0        0x2 RoboCore_main.o
 .progmem.data._ZZ12processMCodeiE3__c_106
                0x00000fa2        0x3 RoboCore_main.o
 .progmem.data._ZZ12processMCodeiE3__c_105
                0x00000fa5        0x4 RoboCore_main.o
 .progmem.data._ZZ12processMCodeiE3__c_104
                0x00000fa9        0x2 RoboCore_main.o
 .progmem.data._ZZ12processMCodeiE3__c_103
                0x00000fab        0x3 RoboCore_main.o
 .progmem.data._ZZ12processMCodeiE3__c_102
                0x00000fae        0x4 RoboCore_main.o
 .progmem.data._ZZ12processMCodeiE3__c_101
                0x00000fb2        0x2 RoboCore_main.o
 .progmem.data._ZZ12processMCodeiE3__c_100
                0x00000fb4        0x3 RoboCore_main.o
 .progmem.data._ZZ12processMCodeiE3__c_99
                0x00000fb7        0x4 RoboCore_main.o
 .progmem.data._ZZ12processMCodeiE3__c_98
                0x00000fbb        0x2 RoboCore_main.o
 .progmem.data._ZZ12processMCodeiE3__c_97
                0x00000fbd        0x3 RoboCore_main.o
 .progmem.data._ZZ12processMCodeiE3__c_96
                0x00000fc0        0x4 RoboCore_main.o
 .progmem.data._ZZ12processMCodeiE3__c_95
                0x00000fc4        0x2 RoboCore_main.o
 .progmem.data._ZZ12processMCodeiE3__c_94
                0x00000fc6        0x3 RoboCore_main.o
 .progmem.data._ZZ12processMCodeiE3__c_93
                0x00000fc9        0x4 RoboCore_main.o
 .progmem.data._ZZ12processMCodeiE3__c_92
                0x00000fcd        0x2 RoboCore_main.o
 .progmem.data._ZZ12processMCodeiE3__c_91
                0x00000fcf        0x3 RoboCore_main.o
 .progmem.data._ZZ12processMCodeiE3__c_90
                0x00000fd2        0x4 RoboCore_main.o
 .progmem.data._ZZ12processMCodeiE3__c_89
                0x00000fd6        0x2 RoboCore_main.o
 .progmem.data._ZZ12processMCodeiE3__c_88
                0x00000fd8        0x3 RoboCore_main.o
 .progmem.data._ZZ12processMCodeiE3__c_87
                0x00000fdb        0x4 RoboCore_main.o
 .progmem.data._ZZ12processMCodeiE3__c_86
                0x00000fdf        0x2 RoboCore_main.o
 .progmem.data._ZZ12processMCodeiE3__c_85
                0x00000fe1        0x3 RoboCore_main.o
 .progmem.data._ZZ12processMCodeiE3__c_84
                0x00000fe4        0x4 RoboCore_main.o
 .progmem.data._ZZ12processMCodeiE3__c_83
                0x00000fe8        0x2 RoboCore_main.o
 .progmem.data._ZZ12processMCodeiE3__c_82
                0x00000fea        0x3 RoboCore_main.o
 .progmem.data._ZZ12processMCodeiE3__c_81
                0x00000fed        0x4 RoboCore_main.o
 .progmem.data._ZZ12processMCodeiE3__c_80
                0x00000ff1        0x2 RoboCore_main.o
 .progmem.data._ZZ12processMCodeiE3__c_79
                0x00000ff3        0x3 RoboCore_main.o
 .progmem.data._ZZ12processMCodeiE3__c_78
                0x00000ff6        0x4 RoboCore_main.o
 .progmem.data._ZZ12processMCodeiE3__c_77
                0x00000ffa        0x2 RoboCore_main.o
 .progmem.data._ZZ12processMCodeiE3__c_76
                0x00000ffc        0x3 RoboCore_main.o
 .progmem.data._ZZ12processMCodeiE3__c_75
                0x00000fff        0x4 RoboCore_main.o
 .progmem.data._ZZ12processMCodeiE3__c_74
                0x00001003        0x2 RoboCore_main.o
 .progmem.data._ZZ12processMCodeiE3__c_73
                0x00001005        0x3 RoboCore_main.o
 .progmem.data._ZZ12processMCodeiE3__c_72
                0x00001008        0x3 RoboCore_main.o
 .progmem.data._ZZ12processMCodeiE3__c_71
                0x0000100b        0x2 RoboCore_main.o
 .progmem.data._ZZ12processMCodeiE3__c_70
                0x0000100d        0x3 RoboCore_main.o
 .progmem.data._ZZ12processMCodeiE3__c_69
                0x00001010        0x3 RoboCore_main.o
 .progmem.data._ZZ12processMCodeiE3__c_68
                0x00001013        0x2 RoboCore_main.o
 .progmem.data._ZZ12processMCodeiE3__c_67
                0x00001015        0x3 RoboCore_main.o
 .progmem.data._ZZ12processMCodeiE3__c_66
                0x00001018        0x4 RoboCore_main.o
 .progmem.data._ZZ12processMCodeiE3__c_65
                0x0000101c        0x2 RoboCore_main.o
 .progmem.data._ZZ12processMCodeiE3__c_64
                0x0000101e        0x3 RoboCore_main.o
 .progmem.data._ZZ12processMCodeiE3__c_63
                0x00001021        0x4 RoboCore_main.o
 .progmem.data._ZZ12processMCodeiE3__c_62
                0x00001025        0x2 RoboCore_main.o
 .progmem.data._ZZ12processMCodeiE3__c_61
                0x00001027        0x3 RoboCore_main.o
 .progmem.data._ZZ12processMCodeiE3__c_60
                0x0000102a        0x4 RoboCore_main.o
 .progmem.data._ZZ12processMCodeiE3__c_59
                0x0000102e        0x2 RoboCore_main.o
 .progmem.data._ZZ12processMCodeiE3__c_58
                0x00001030        0x3 RoboCore_main.o
 .progmem.data._ZZ12processMCodeiE3__c_57
                0x00001033        0x4 RoboCore_main.o
 .progmem.data._ZZ12processMCodeiE3__c_56
                0x00001037        0x2 RoboCore_main.o
 .progmem.data._ZZ12processMCodeiE3__c_55
                0x00001039        0x3 RoboCore_main.o
 .progmem.data._ZZ12processMCodeiE3__c_54
                0x0000103c       0x15 RoboCore_main.o
 .progmem.data._ZZ12processMCodeiE3__c_53
                0x00001051        0x2 RoboCore_main.o
 .progmem.data._ZZ12processMCodeiE3__c_52
                0x00001053        0x3 RoboCore_main.o
 .progmem.data._ZZ12processMCodeiE3__c_51
                0x00001056        0x4 RoboCore_main.o
 .progmem.data._ZZ12processMCodeiE3__c_50
                0x0000105a        0x2 RoboCore_main.o
 .progmem.data._ZZ12processMCodeiE3__c_49
                0x0000105c        0x3 RoboCore_main.o
 .progmem.data._ZZ12processMCodeiE3__c_48
                0x0000105f        0x4 RoboCore_main.o
 .progmem.data._ZZ12processMCodeiE3__c_47
                0x00001063        0x2 RoboCore_main.o
 .progmem.data._ZZ12processMCodeiE3__c_46
                0x00001065        0x3 RoboCore_main.o
 .progmem.data._ZZ12processMCodeiE3__c_45
                0x00001068        0x4 RoboCore_main.o
 .progmem.data._ZZ12processMCodeiE3__c_44
                0x0000106c        0x2 RoboCore_main.o
 .progmem.data._ZZ12processMCodeiE3__c_43
                0x0000106e        0x3 RoboCore_main.o
 .progmem.data._ZZ12processMCodeiE3__c_42
                0x00001071        0x4 RoboCore_main.o
 .progmem.data._ZZ12processMCodeiE3__c_41
                0x00001075        0x2 RoboCore_main.o
 .progmem.data._ZZ12processMCodeiE3__c_40
                0x00001077        0x3 RoboCore_main.o
 .progmem.data._ZZ12processMCodeiE3__c_39
                0x0000107a        0x4 RoboCore_main.o
 .progmem.data._ZZ12processMCodeiE3__c_38
                0x0000107e        0x2 RoboCore_main.o
 .progmem.data._ZZ12processMCodeiE3__c_37
                0x00001080        0x3 RoboCore_main.o
 .progmem.data._ZZ12processMCodeiE3__c_36
                0x00001083        0x3 RoboCore_main.o
 .progmem.data._ZZ12processMCodeiE3__c_35
                0x00001086        0x2 RoboCore_main.o
 .progmem.data._ZZ12processMCodeiE3__c_34
                0x00001088        0x3 RoboCore_main.o
 .progmem.data._ZZ12processMCodeiE3__c_33
                0x0000108b        0x3 RoboCore_main.o
 .progmem.data._ZZ12processMCodeiE3__c_32
                0x0000108e        0x2 RoboCore_main.o
 .progmem.data._ZZ12processMCodeiE3__c_31
                0x00001090        0x3 RoboCore_main.o
 .progmem.data._ZZ12processMCodeiE3__c_30
                0x00001093        0x3 RoboCore_main.o
 .progmem.data._ZZ12processMCodeiE3__c_29
                0x00001096        0x2 RoboCore_main.o
 .progmem.data._ZZ12processMCodeiE3__c_28
                0x00001098        0x3 RoboCore_main.o
 .progmem.data._ZZ12processMCodeiE3__c_27
                0x0000109b        0x3 RoboCore_main.o
 .progmem.data._ZZ12processMCodeiE3__c_26
                0x0000109e        0x2 RoboCore_main.o
 .progmem.data._ZZ12processMCodeiE3__c_25
                0x000010a0        0x3 RoboCore_main.o
 .progmem.data._ZZ12processMCodeiE3__c_24
                0x000010a3        0x3 RoboCore_main.o
 .progmem.data._ZZ12processMCodeiE3__c_23
                0x000010a6        0x2 RoboCore_main.o
 .progmem.data._ZZ12processMCodeiE3__c_22
                0x000010a8        0x3 RoboCore_main.o
 .progmem.data._ZZ12processMCodeiE3__c_21
                0x000010ab        0x3 RoboCore_main.o
 .progmem.data._ZZ12processMCodeiE3__c_20
                0x000010ae        0x2 RoboCore_main.o
 .progmem.data._ZZ12processMCodeiE3__c_19
                0x000010b0        0x3 RoboCore_main.o
 .progmem.data._ZZ12processMCodeiE3__c_18
                0x000010b3        0x3 RoboCore_main.o
 .progmem.data._ZZ12processMCodeiE3__c_17
                0x000010b6        0x2 RoboCore_main.o
 .progmem.data._ZZ12processMCodeiE3__c_16
                0x000010b8        0x3 RoboCore_main.o
 .progmem.data._ZZ12processMCodeiE3__c_15
                0x000010bb        0x3 RoboCore_main.o
 .progmem.data._ZZ12processMCodeiE3__c_14
                0x000010be        0x2 RoboCore_main.o
 .progmem.data._ZZ12processMCodeiE3__c_13
                0x000010c0        0x3 RoboCore_main.o
 .progmem.data._ZZ12processMCodeiE3__c_12
                0x000010c3        0x3 RoboCore_main.o
 .progmem.data._ZZ12processMCodeiE3__c_11
                0x000010c6        0x2 RoboCore_main.o
 .progmem.data._ZZ12processMCodeiE3__c_10
                0x000010c8        0x3 RoboCore_main.o
 .progmem.data._ZZ12processMCodeiE3__c_9
                0x000010cb        0x3 RoboCore_main.o
 .progmem.data._ZZ12processMCodeiE3__c_8
                0x000010ce        0x2 RoboCore_main.o
 .progmem.data._ZZ12processMCodeiE3__c_7
                0x000010d0        0x3 RoboCore_main.o
 .progmem.data._ZZ12processMCodeiE3__c_6
                0x000010d3        0x3 RoboCore_main.o
 .progmem.data._ZZ12processMCodeiE3__c_5
                0x000010d6        0x2 RoboCore_main.o
 .progmem.data._ZZ12processMCodeiE3__c_4
                0x000010d8        0x3 RoboCore_main.o
 .progmem.data._ZZ12processMCodeiE3__c_3
                0x000010db        0x3 RoboCore_main.o
 .progmem.data._ZZ12processMCodeiE3__c_2
                0x000010de        0x2 RoboCore_main.o
 .progmem.data._ZZ12processMCodeiE3__c_1
                0x000010e0        0x3 RoboCore_main.o
 .progmem.data._ZZ12processMCodeiE3__c_0
                0x000010e3        0x3 RoboCore_main.o
 .progmem.data._ZZ12processMCodeiE3__c
                0x000010e6        0x2 RoboCore_main.o
 .progmem.data._ZZ12processGCodeiE3__c_34
                0x000010e8        0x3 RoboCore_main.o
 .progmem.data._ZZ12processGCodeiE3__c_33
                0x000010eb       0x10 RoboCore_main.o
 .progmem.data._ZZ12processGCodeiE3__c_32
                0x000010fb        0x2 RoboCore_main.o
 .progmem.data._ZZ12processGCodeiE3__c_31
                0x000010fd        0x3 RoboCore_main.o
 .progmem.data._ZZ12processGCodeiE3__c_30
                0x00001100        0x5 RoboCore_main.o
 .progmem.data._ZZ12processGCodeiE3__c_29
                0x00001105        0x2 RoboCore_main.o
 .progmem.data._ZZ12processGCodeiE3__c_28
                0x00001107        0x3 RoboCore_main.o
 .progmem.data._ZZ12processGCodeiE3__c_27
                0x0000110a        0x5 RoboCore_main.o
 .progmem.data._ZZ12processGCodeiE3__c_26
                0x0000110f        0x2 RoboCore_main.o
 .progmem.data._ZZ12processGCodeiE3__c_25
                0x00001111        0x3 RoboCore_main.o
 .progmem.data._ZZ12processGCodeiE3__c_24
                0x00001114        0x5 RoboCore_main.o
 .progmem.data._ZZ12processGCodeiE3__c_23
                0x00001119        0x2 RoboCore_main.o
 .progmem.data._ZZ12processGCodeiE3__c_22
                0x0000111b        0x3 RoboCore_main.o
 .progmem.data._ZZ12processGCodeiE3__c_21
                0x0000111e        0x5 RoboCore_main.o
 .progmem.data._ZZ12processGCodeiE3__c_20
                0x00001123        0x2 RoboCore_main.o
 .progmem.data._ZZ12processGCodeiE3__c_19
                0x00001125        0x3 RoboCore_main.o
 .progmem.data._ZZ12processGCodeiE3__c_18
                0x00001128        0x5 RoboCore_main.o
 .progmem.data._ZZ12processGCodeiE3__c_17
                0x0000112d        0x2 RoboCore_main.o
 .progmem.data._ZZ12processGCodeiE3__c_16
                0x0000112f        0x3 RoboCore_main.o
 .progmem.data._ZZ12processGCodeiE3__c_15
                0x00001132        0x4 RoboCore_main.o
 .progmem.data._ZZ12processGCodeiE3__c_14
                0x00001136        0x2 RoboCore_main.o
 .progmem.data._ZZ12processGCodeiE3__c_13
                0x00001138        0x3 RoboCore_main.o
 .progmem.data._ZZ12processGCodeiE3__c_12
                0x0000113b        0x3 RoboCore_main.o
 .progmem.data._ZZ12processGCodeiE3__c_11
                0x0000113e        0x2 RoboCore_main.o
 .progmem.data._ZZ12processGCodeiE3__c_10
                0x00001140        0x3 RoboCore_main.o
 .progmem.data._ZZ12processGCodeiE3__c_9
                0x00001143       0x18 RoboCore_main.o
 .progmem.data._ZZ12processGCodeiE3__c_8
                0x0000115b        0x2 RoboCore_main.o
 .progmem.data._ZZ12processGCodeiE3__c_7
                0x0000115d        0x3 RoboCore_main.o
 .progmem.data._ZZ12processGCodeiE3__c_6
                0x00001160        0x3 RoboCore_main.o
 .progmem.data._ZZ12processGCodeiE3__c_5
                0x00001163        0x2 RoboCore_main.o
 .progmem.data._ZZ12processGCodeiE3__c_4
                0x00001165        0x3 RoboCore_main.o
 .progmem.data._ZZ12processGCodeiE3__c_3
                0x00001168       0x13 RoboCore_main.o
 .progmem.data._ZZ12processGCodeiE3__c_2
                0x0000117b        0x2 RoboCore_main.o
 .progmem.data._ZZ12processGCodeiE3__c_1
                0x0000117d        0x3 RoboCore_main.o
 .progmem.data._ZZ12processGCodeiE3__c_0
                0x00001180        0x3 RoboCore_main.o
 .progmem.data._ZZ12processGCodeiE3__c
                0x00001183        0x2 RoboCore_main.o
 .progmem.data._ZZ16process_commandsvE3__c_1
                0x00001185        0x3 RoboCore_main.o
 .progmem.data._ZZ16process_commandsvE3__c_0
                0x00001188       0x1c RoboCore_main.o
 .progmem.data._ZZ16process_commandsvE3__c
                0x000011a4        0x2 RoboCore_main.o
 .progmem.data._ZZ11get_commandvE3__c_14
                0x000011a6        0x3 RoboCore_main.o
 .progmem.data._ZZ11get_commandvE3__c_13
                0x000011a9       0x21 RoboCore_main.o
 .progmem.data._ZZ11get_commandvE3__c_12
                0x000011ca        0x2 RoboCore_main.o
 .progmem.data._ZZ11get_commandvE3__c_11
                0x000011cc        0x3 RoboCore_main.o
 .progmem.data._ZZ11get_commandvE3__c_10
                0x000011cf       0x2a RoboCore_main.o
 .progmem.data._ZZ11get_commandvE3__c_9
                0x000011f9        0x2 RoboCore_main.o
 .progmem.data._ZZ11get_commandvE3__c_8
                0x000011fb        0x3 RoboCore_main.o
 .progmem.data._ZZ11get_commandvE3__c_7
                0x000011fe       0x2a RoboCore_main.o
 .progmem.data._ZZ11get_commandvE3__c_6
                0x00001228        0x2 RoboCore_main.o
 .progmem.data._ZZ11get_commandvE3__c_5
                0x0000122a        0x3 RoboCore_main.o
 .progmem.data._ZZ11get_commandvE3__c_4
                0x0000122d       0x1f RoboCore_main.o
 .progmem.data._ZZ11get_commandvE3__c_3
                0x0000124c        0x2 RoboCore_main.o
 .progmem.data._ZZ11get_commandvE3__c_2
                0x0000124e        0x3 RoboCore_main.o
 .progmem.data._ZZ11get_commandvE3__c_1
                0x00001251       0x33 RoboCore_main.o
 .progmem.data._ZZ11get_commandvE3__c_0
                0x00001284        0x2 RoboCore_main.o
 .progmem.data._ZZ11get_commandvE3__c
                0x00001286        0x5 RoboCore_main.o
 .progmem.data._ZL24digital_pin_to_timer_PGM
                0x0000128b       0x46 RoboCore_main.o
 .progmem.data._ZL27digital_pin_to_bit_mask_PGM
                0x000012d1       0x46 RoboCore_main.o
 .progmem.data._ZL23digital_pin_to_port_PGM
                0x00001317       0x46 RoboCore_main.o
 .progmem.data._ZL17port_to_input_PGM
                0x0000135d       0x1a RoboCore_main.o
 .progmem.data._ZL18port_to_output_PGM
                0x00001377       0x1a RoboCore_main.o
 .progmem.data._ZL16port_to_mode_PGM
                0x00001391       0x1a RoboCore_main.o
 .progmem.data._ZL24digital_pin_to_timer_PGM
                0x000013ab       0x46 Ultrasonic.o
 .progmem.data._ZL27digital_pin_to_bit_mask_PGM
                0x000013f1       0x46 Ultrasonic.o
 .progmem.data._ZL23digital_pin_to_port_PGM
                0x00001437       0x46 Ultrasonic.o
 .progmem.data._ZL17port_to_input_PGM
                0x0000147d       0x1a Ultrasonic.o
 .progmem.data._ZL18port_to_output_PGM
                0x00001497       0x1a Ultrasonic.o
 .progmem.data._ZL16port_to_mode_PGM
                0x000014b1       0x1a Ultrasonic.o
 .progmem.data._ZL24digital_pin_to_timer_PGM
                0x000014cb       0x46 VariablePWMDriver.o
 .progmem.data._ZL27digital_pin_to_bit_mask_PGM
                0x00001511       0x46 VariablePWMDriver.o
 .progmem.data._ZL23digital_pin_to_port_PGM
                0x00001557       0x46 VariablePWMDriver.o
 .progmem.data._ZL18port_to_output_PGM
                0x0000159d       0x1a VariablePWMDriver.o
 .progmem.data._ZL16port_to_mode_PGM
                0x000015b7       0x1a VariablePWMDriver.o
 .progmem.data._ZL27digital_pin_to_bit_mask_PGM
                0x000015d1       0x46 WPCInterrupts.o
 .progmem.data._ZL23digital_pin_to_port_PGM
                0x00001617       0x46 WPCInterrupts.o
 .progmem.data._ZL17port_to_input_PGM
                0x0000165d       0x1a WPCInterrupts.o
 .progmem.data._ZL24digital_pin_to_timer_PGM
                0x00001677       0x46 WPWM.o
 .progmem.data._ZL27digital_pin_to_bit_mask_PGM
                0x000016bd       0x46 WPWM.o
 .progmem.data._ZL23digital_pin_to_port_PGM
                0x00001703       0x46 WPWM.o
 .progmem.data._ZL18port_to_output_PGM
                0x00001749       0x1a WPWM.o
 .progmem.data._ZL16port_to_mode_PGM
                0x00001763       0x1a WPWM.o
                0x0000177e                . = ALIGN (0x2)
 *fill*         0x0000177d        0x1 
 *(.jumptables)
 *(.jumptables*)
 *(.lowtext)
 *(.lowtext*)
                0x0000177e                __ctors_start = .
 *(.ctors)
 .ctors         0x0000177e        0x2 HardwareSerial/HardwareSerial0.o
 .ctors         0x00001780        0x2 HardwareSerial/HardwareSerial1.o
 .ctors         0x00001782        0x2 HardwareSerial/HardwareSerial2.o
 .ctors         0x00001784        0x2 HardwareSerial/HardwareSerial3.o
 .ctors         0x00001786        0x2 RoboCore_main.o
 .ctors         0x00001788        0x2 WHardwareTimer.o
                0x0000178a                __ctors_end = .
                0x0000178a                __dtors_start = .
 *(.dtors)
 .dtors         0x0000178a        0x2 RoboCore_main.o
                0x0000178c                __dtors_end = .
 SORT(*)(.ctors)
 SORT(*)(.dtors)
 *(.init0)
 .init0         0x0000178c        0x0 C:/Program Files (x86)/Atmel/Studio/7.0/Packs/atmel/ATmega_DFP/1.3.300/gcc/dev/atmega2560/avr6/crtatmega2560.o
                0x0000178c                __init
 *(.init0)
 *(.init1)
 *(.init1)
 *(.init2)
 .init2         0x0000178c       0x10 C:/Program Files (x86)/Atmel/Studio/7.0/Packs/atmel/ATmega_DFP/1.3.300/gcc/dev/atmega2560/avr6/crtatmega2560.o
 *(.init2)
 *(.init3)
 *(.init3)
 *(.init4)
 .init4         0x0000179c       0x1a c:/program files (x86)/atmel/studio/7.0/toolchain/avr8/avr8-gnu-toolchain/bin/../lib/gcc/avr/5.4.0/avr6\libgcc.a(_copy_data.o)
                0x0000179c                __do_copy_data
 .init4         0x000017b6       0x10 c:/program files (x86)/atmel/studio/7.0/toolchain/avr8/avr8-gnu-toolchain/bin/../lib/gcc/avr/5.4.0/avr6\libgcc.a(_clear_bss.o)
                0x000017b6                __do_clear_bss
 *(.init4)
 *(.init5)
 *(.init5)
 *(.init6)
 .init6         0x000017c6       0x20 c:/program files (x86)/atmel/studio/7.0/toolchain/avr8/avr8-gnu-toolchain/bin/../lib/gcc/avr/5.4.0/avr6\libgcc.a(_ctors.o)
                0x000017c6                __do_global_ctors
 *(.init6)
 *(.init7)
 *(.init7)
 *(.init8)
 *(.init8)
 *(.init9)
 .init9         0x000017e6        0x8 C:/Program Files (x86)/Atmel/Studio/7.0/Packs/atmel/ATmega_DFP/1.3.300/gcc/dev/atmega2560/avr6/crtatmega2560.o
 *(.init9)
 *(.text)
 .text          0x000017ee        0x4 C:/Program Files (x86)/Atmel/Studio/7.0/Packs/atmel/ATmega_DFP/1.3.300/gcc/dev/atmega2560/avr6/crtatmega2560.o
                0x000017ee                __vector_38
                0x000017ee                __vector_28
                0x000017ee                __vector_24
                0x000017ee                __bad_interrupt
                0x000017ee                __vector_39
                0x000017ee                __vector_30
                0x000017ee                __vector_56
                0x000017ee                __vector_27
                0x000017ee                __vector_29
                0x000017ee                __vector_40
                0x000017ee                __vector_53
                0x000017f2                . = ALIGN (0x2)
 *(.text.*)
 .text._ZN18AbstractPWMControl11resetLevelsEv
                0x000017f2       0x16 AbstractPWMControl.o
                0x000017f2                _ZN18AbstractPWMControl11resetLevelsEv
 .text._ZN18AbstractPWMControlD2Ev
                0x00001808        0x2 AbstractPWMControl.o
                0x00001808                _ZN18AbstractPWMControlD1Ev
                0x00001808                _ZN18AbstractPWMControlD2Ev
 .text._ZN12AccelStepper4stepEl
                0x0000180a       0xa4 AccelStepper.o
                0x0000180a                _ZN12AccelStepper4stepEl
 .text._ZN12AccelStepper5step0El
                0x000018ae       0x30 AccelStepper.o
                0x000018ae                _ZN12AccelStepper5step0El
 .text._ZN12AccelStepper5step1El
                0x000018de      0x19c AccelStepper.o
                0x000018de                _ZN12AccelStepper5step1El
 .text._ZN12AccelStepper5step2El
                0x00001a7a       0x7c AccelStepper.o
                0x00001a7a                _ZN12AccelStepper5step2El
 .text._ZN12AccelStepper5step3El
                0x00001af6       0x6c AccelStepper.o
                0x00001af6                _ZN12AccelStepper5step3El
 .text._ZN12AccelStepper5step4El
                0x00001b62       0x7c AccelStepper.o
                0x00001b62                _ZN12AccelStepper5step4El
 .text._ZN12AccelStepper5step6El
                0x00001bde       0xc0 AccelStepper.o
                0x00001bde                _ZN12AccelStepper5step6El
 .text._ZN12AccelStepper5step8El
                0x00001c9e       0xc0 AccelStepper.o
                0x00001c9e                _ZN12AccelStepper5step8El
 .text._ZN12AccelStepper13setOutputPinsEh
                0x00001d5e      0x204 AccelStepper.o
                0x00001d5e                _ZN12AccelStepper13setOutputPinsEh
 .text._ZN12AccelStepper13enableOutputsEv
                0x00001f62      0x392 AccelStepper.o
                0x00001f62                _ZN12AccelStepper13enableOutputsEv
 .text._ZN12AccelStepper14disableOutputsEv
                0x000022f4      0x1de AccelStepper.o
                0x000022f4                _ZN12AccelStepper14disableOutputsEv
 .text._ZN12AccelStepper8runSpeedEv
                0x000024d2      0x1b6 AccelStepper.o
                0x000024d2                _ZN12AccelStepper8runSpeedEv
 .text._ZN12AccelStepper15currentPositionEv
                0x00002688        0xc AccelStepper.o
                0x00002688                _ZN12AccelStepper15currentPositionEv
 .text._ZN12AccelStepper18setCurrentPositionEl
                0x00002694       0x2c AccelStepper.o
                0x00002694                _ZN12AccelStepper18setCurrentPositionEl
 .text._ZN12AccelStepper15computeNewSpeedEv
                0x000026c0      0x2e0 AccelStepper.o
                0x000026c0                _ZN12AccelStepper15computeNewSpeedEv
 .text._ZN12AccelStepper6moveToEl
                0x000029a0       0x28 AccelStepper.o
                0x000029a0                _ZN12AccelStepper6moveToEl
 .text._ZN12AccelStepper4moveEl
                0x000029c8       0x1e AccelStepper.o
                0x000029c8                _ZN12AccelStepper4moveEl
 .text._ZN12AccelStepper3runEv
                0x000029e6       0x56 AccelStepper.o
                0x000029e6                _ZN12AccelStepper3runEv
 .text._ZN12AccelStepper11setMaxSpeedEf
                0x00002a3c       0xd0 AccelStepper.o
                0x00002a3c                _ZN12AccelStepper11setMaxSpeedEf
 .text._ZN12AccelStepper15setAccelerationEf
                0x00002b0c       0xfa AccelStepper.o
                0x00002b0c                _ZN12AccelStepper15setAccelerationEf
 .text._ZN12AccelStepperC2Ehhhhhb
                0x00002c06      0x140 AccelStepper.o
                0x00002c06                _ZN12AccelStepperC1Ehhhhhb
                0x00002c06                _ZN12AccelStepperC2Ehhhhhb
 .text._ZN12AccelStepper8setSpeedEf
                0x00002d46      0x102 AccelStepper.o
                0x00002d46                _ZN12AccelStepper8setSpeedEf
 .text._ZN12AccelStepper16setMinPulseWidthEj
                0x00002e48        0x8 AccelStepper.o
                0x00002e48                _ZN12AccelStepper16setMinPulseWidthEj
 .text._ZN12AccelStepper13runToPositionEv
                0x00002e50       0x14 AccelStepper.o
                0x00002e50                _ZN12AccelStepper13runToPositionEv
 .text._ZN12AccelStepper4stopEv
                0x00002e64       0xb2 AccelStepper.o
                0x00002e64                _ZN12AccelStepper4stopEv
 .text._Z17_EEPROM_writeDataRiPhh
                0x00002f16       0x4c ConfigurationStore.o
                0x00002f16                _Z17_EEPROM_writeDataRiPhh
 .text._Z16_EEPROM_readDataRiPhh
                0x00002f62       0x3c ConfigurationStore.o
                0x00002f62                _Z16_EEPROM_readDataRiPhh
 .text._Z20Config_StoreSettingsv
                0x00002f9e       0x80 ConfigurationStore.o
                0x00002f9e                _Z20Config_StoreSettingsv
 .text._Z20Config_PrintSettingsv
                0x0000301e      0x182 ConfigurationStore.o
                0x0000301e                _Z20Config_PrintSettingsv
 .text._Z23Config_RetrieveSettingsv
                0x000031a0       0x34 ConfigurationStore.o
                0x000031a0                _Z23Config_RetrieveSettingsv
 .text._Z19Config_ResetDefaultv
                0x000031d4        0x2 ConfigurationStore.o
                0x000031d4                _Z19Config_ResetDefaultv
 .text._ZN14HardwareSerial9availableEv
                0x000031d6        0xe HardwareSerial/HardwareSerial.o
                0x000031d6                _ZN14HardwareSerial9availableEv
 .text._ZN14HardwareSerial4peekEv
                0x000031e4       0x1c HardwareSerial/HardwareSerial.o
                0x000031e4                _ZN14HardwareSerial4peekEv
 .text._ZN14HardwareSerial4readEv
                0x00003200       0x26 HardwareSerial/HardwareSerial.o
                0x00003200                _ZN14HardwareSerial4readEv
 .text._ZN14HardwareSerial17_tx_udr_empty_irqEv
                0x00003226       0x3c HardwareSerial/HardwareSerial.o
                0x00003226                _ZN14HardwareSerial17_tx_udr_empty_irqEv
 .text._ZN14HardwareSerial5flushEv
                0x00003262       0x46 HardwareSerial/HardwareSerial.o
                0x00003262                _ZN14HardwareSerial5flushEv
 .text._ZN14HardwareSerial5writeEh
                0x000032a8       0x82 HardwareSerial/HardwareSerial.o
                0x000032a8                _ZN14HardwareSerial5writeEh
 .text._ZN14HardwareSerial5beginEmh
                0x0000332a       0xca HardwareSerial/HardwareSerial.o
                0x0000332a                _ZN14HardwareSerial5beginEmh
 .text.__vector_25
                0x000033f4       0x76 HardwareSerial/HardwareSerial0.o
                0x000033f4                __vector_25
 .text.__vector_26
                0x0000346a       0x52 HardwareSerial/HardwareSerial0.o
                0x0000346a                __vector_26
 .text._GLOBAL__sub_I___vector_25
                0x000034bc       0x5a HardwareSerial/HardwareSerial0.o
 .text.__vector_36
                0x00003516       0x76 HardwareSerial/HardwareSerial1.o
                0x00003516                __vector_36
 .text.__vector_37
                0x0000358c       0x52 HardwareSerial/HardwareSerial1.o
                0x0000358c                __vector_37
 .text._GLOBAL__sub_I___vector_36
                0x000035de       0x5a HardwareSerial/HardwareSerial1.o
 .text.__vector_51
                0x00003638       0x76 HardwareSerial/HardwareSerial2.o
                0x00003638                __vector_51
 .text.__vector_52
                0x000036ae       0x52 HardwareSerial/HardwareSerial2.o
                0x000036ae                __vector_52
 .text._GLOBAL__sub_I___vector_51
                0x00003700       0x5a HardwareSerial/HardwareSerial2.o
 .text.__vector_54
                0x0000375a       0x76 HardwareSerial/HardwareSerial3.o
                0x0000375a                __vector_54
 .text.__vector_55
                0x000037d0       0x52 HardwareSerial/HardwareSerial3.o
                0x000037d0                __vector_55
 .text._GLOBAL__sub_I___vector_54
                0x00003822       0x5a HardwareSerial/HardwareSerial3.o
 .text.main     0x0000387c       0x1c main.o
                0x0000387c                main
 .text._Z9assignPinh
                0x00003898       0x68 pins.o
                0x00003898                _Z9assignPinh
 .text._Z11unassignPinh
                0x00003900       0x16 pins.o
                0x00003900                _Z11unassignPinh
 .text._Z13pinAssignmenth
                0x00003916       0x18 pins.o
                0x00003916                _Z13pinAssignmenth
 .text._ZN23CounterInterruptService7serviceEv
                0x0000392e       0x1c Propulsion/AbstractMotorControl.o
                0x0000392e                _ZN23CounterInterruptService7serviceEv
 .text._ZN20AbstractMotorControl18linkDistanceSensorEPP10Ultrasonichmh
                0x0000394a       0x8a Propulsion/AbstractMotorControl.o
                0x0000394a                _ZN20AbstractMotorControl18linkDistanceSensorEPP10Ultrasonichmh
 .text._ZN20AbstractMotorControl23checkUltrasonicShutdownEv
                0x000039d4      0x104 Propulsion/AbstractMotorControl.o
                0x000039d4                _ZN20AbstractMotorControl23checkUltrasonicShutdownEv
 .text._ZN20AbstractMotorControl13createEncoderEhh
                0x00003ad8       0x9e Propulsion/AbstractMotorControl.o
                0x00003ad8                _ZN20AbstractMotorControl13createEncoderEhh
 .text._ZN20AbstractMotorControl20checkEncoderShutdownEv
                0x00003b76       0xa6 Propulsion/AbstractMotorControl.o
                0x00003b76                _ZN20AbstractMotorControl20checkEncoderShutdownEv
 .text._ZN20AbstractMotorControl15getEncoderCountEh
                0x00003c1c       0x34 Propulsion/AbstractMotorControl.o
                0x00003c1c                _ZN20AbstractMotorControl15getEncoderCountEh
 .text._ZN20AbstractMotorControl13resetEncodersEv
                0x00003c50       0x2a Propulsion/AbstractMotorControl.o
                0x00003c50                _ZN20AbstractMotorControl13resetEncodersEv
 .text._ZN20AbstractMotorControl11resetSpeedsEv
                0x00003c7a       0x16 Propulsion/AbstractMotorControl.o
                0x00003c7a                _ZN20AbstractMotorControl11resetSpeedsEv
 .text._ZN20AbstractMotorControlD2Ev
                0x00003c90        0x2 Propulsion/AbstractMotorControl.o
                0x00003c90                _ZN20AbstractMotorControlD1Ev
                0x00003c90                _ZN20AbstractMotorControlD2Ev
 .text._ZN13HBridgeDriver18resetMaxMotorPowerEv
                0x00003c92       0x10 Propulsion/HBridgeDriver.o
                0x00003c92                _ZN13HBridgeDriver18resetMaxMotorPowerEv
 .text._ZN13HBridgeDriver11isConnectedEv
                0x00003ca2        0x6 Propulsion/HBridgeDriver.o
                0x00003ca2                _ZN13HBridgeDriver11isConnectedEv
 .text._ZN13HBridgeDriver14queryFaultFlagEv
                0x00003ca8        0xc Propulsion/HBridgeDriver.o
                0x00003ca8                _ZN13HBridgeDriver14queryFaultFlagEv
 .text._ZN13HBridgeDriver15queryStatusFlagEv
                0x00003cb4        0xc Propulsion/HBridgeDriver.o
                0x00003cb4                _ZN13HBridgeDriver15queryStatusFlagEv
 .text._ZN13HBridgeDriver20commandEmergencyStopEi
                0x00003cc0       0xde Propulsion/HBridgeDriver.o
                0x00003cc0                _ZN13HBridgeDriver20commandEmergencyStopEi
 .text._ZN13HBridgeDriverD2Ev
                0x00003d9e        0xe Propulsion/HBridgeDriver.o
                0x00003d9e                _ZN13HBridgeDriverD1Ev
                0x00003d9e                _ZN13HBridgeDriverD2Ev
 .text._ZN13HBridgeDriverD0Ev
                0x00003dac       0x14 Propulsion/HBridgeDriver.o
                0x00003dac                _ZN13HBridgeDriverD0Ev
 .text._ZN13HBridgeDriver13getDriverInfoEhPc
                0x00003dc0      0x4a8 Propulsion/HBridgeDriver.o
                0x00003dc0                _ZN13HBridgeDriver13getDriverInfoEhPc
 .text._ZN13HBridgeDriver17commandMotorPowerEhi
                0x00004268      0x7fc Propulsion/HBridgeDriver.o
                0x00004268                _ZN13HBridgeDriver17commandMotorPowerEhi
 .text._ZN13HBridgeDriver9createPWMEhhhhii
                0x00004a64      0x1be Propulsion/HBridgeDriver.o
                0x00004a64                _ZN13HBridgeDriver9createPWMEhhhhii
 .text._ZN13RoboteqDevice18resetMaxMotorPowerEv
                0x00004c22       0x10 Propulsion/RoboteqDevice.o
                0x00004c22                _ZN13RoboteqDevice18resetMaxMotorPowerEv
 .text._ZN13RoboteqDevice11isConnectedEv
                0x00004c32       0xc0 Propulsion/RoboteqDevice.o
                0x00004c32                _ZN13RoboteqDevice11isConnectedEv
 .text._ZN13RoboteqDeviceD2Ev
                0x00004cf2       0x10 Propulsion/RoboteqDevice.o
                0x00004cf2                _ZN13RoboteqDeviceD1Ev
                0x00004cf2                _ZN13RoboteqDeviceD2Ev
 .text._ZN13RoboteqDeviceD0Ev
                0x00004d02       0x14 Propulsion/RoboteqDevice.o
                0x00004d02                _ZN13RoboteqDeviceD0Ev
 .text._ZN13RoboteqDevice12readResponseEPhj
                0x00004d16       0xce Propulsion/RoboteqDevice.o
                0x00004d16                _ZN13RoboteqDevice12readResponseEPhj
 .text._ZN13RoboteqDevice11sendCommandEPKcj
                0x00004de4       0xdc Propulsion/RoboteqDevice.o
                0x00004de4                _ZN13RoboteqDevice11sendCommandEPKcj
 .text._ZN13RoboteqDevice11sendCommandEPKc
                0x00004ec0       0x14 Propulsion/RoboteqDevice.o
                0x00004ec0                _ZN13RoboteqDevice11sendCommandEPKc
 .text._ZN13RoboteqDevice17commandMotorPowerEhi
                0x00004ed4      0x1c4 Propulsion/RoboteqDevice.o
                0x00004ed4                _ZN13RoboteqDevice17commandMotorPowerEhi
 .text._ZN13RoboteqDevice20commandEmergencyStopEi
                0x00005098       0xa2 Propulsion/RoboteqDevice.o
                0x00005098                _ZN13RoboteqDevice20commandEmergencyStopEi
 .text._ZN13RoboteqDevice9sendQueryEPKcjPhj
                0x0000513a       0xb6 Propulsion/RoboteqDevice.o
                0x0000513a                _ZN13RoboteqDevice9sendQueryEPKcjPhj
 .text._ZN13RoboteqDevice9sendQueryEPKcPhj
                0x000051f0       0x20 Propulsion/RoboteqDevice.o
                0x000051f0                _ZN13RoboteqDevice9sendQueryEPKcPhj
 .text._ZN13RoboteqDevice14queryFaultFlagEv
                0x00005210       0xa0 Propulsion/RoboteqDevice.o
                0x00005210                _ZN13RoboteqDevice14queryFaultFlagEv
 .text._ZN13RoboteqDevice15queryStatusFlagEv
                0x000052b0       0x84 Propulsion/RoboteqDevice.o
                0x000052b0                _ZN13RoboteqDevice15queryStatusFlagEv
 .text._ZN13RoboteqDevice16queryBatteryAmpsEv
                0x00005334       0x80 Propulsion/RoboteqDevice.o
                0x00005334                _ZN13RoboteqDevice16queryBatteryAmpsEv
 .text._ZN13RoboteqDevice19queryBatteryVoltageEv
                0x000053b4       0x82 Propulsion/RoboteqDevice.o
                0x000053b4                _ZN13RoboteqDevice19queryBatteryVoltageEv
 .text._ZN13RoboteqDevice13getDriverInfoEhPc
                0x00005436      0x164 Propulsion/RoboteqDevice.o
                0x00005436                _ZN13RoboteqDevice13getDriverInfoEhPc
 .text._ZN17SplitBridgeDriverD2Ev
                0x0000559a       0x10 Propulsion/SplitBridgeDriver.o
                0x0000559a                _ZN17SplitBridgeDriverD2Ev
                0x0000559a                _ZN17SplitBridgeDriverD1Ev
 .text._ZN17SplitBridgeDriverD0Ev
                0x000055aa       0x14 Propulsion/SplitBridgeDriver.o
                0x000055aa                _ZN17SplitBridgeDriverD0Ev
 .text._ZN17SplitBridgeDriver17commandMotorPowerEhi
                0x000055be      0x430 Propulsion/SplitBridgeDriver.o
                0x000055be                _ZN17SplitBridgeDriver17commandMotorPowerEhi
 .text._ZN17SplitBridgeDriver13getDriverInfoEhPc
                0x000059ee      0x508 Propulsion/SplitBridgeDriver.o
                0x000059ee                _ZN17SplitBridgeDriver13getDriverInfoEhPc
 .text._ZN17SplitBridgeDriver9createPWMEhhhhhii
                0x00005ef6      0x26e Propulsion/SplitBridgeDriver.o
                0x00005ef6                _ZN17SplitBridgeDriver9createPWMEhhhhhii
 .text._ZN17SplitBridgeDriver20commandEmergencyStopEi
                0x00006164      0x242 Propulsion/SplitBridgeDriver.o
                0x00006164                _ZN17SplitBridgeDriver20commandEmergencyStopEi
 .text._ZN18SwitchBridgeDriver11isConnectedEv
                0x000063a6        0x6 Propulsion/SwitchBridgeDriver.o
                0x000063a6                _ZN18SwitchBridgeDriver11isConnectedEv
 .text._ZN18SwitchBridgeDriver14queryFaultFlagEv
                0x000063ac        0xc Propulsion/SwitchBridgeDriver.o
                0x000063ac                _ZN18SwitchBridgeDriver14queryFaultFlagEv
 .text._ZN18SwitchBridgeDriver15queryStatusFlagEv
                0x000063b8        0xc Propulsion/SwitchBridgeDriver.o
                0x000063b8                _ZN18SwitchBridgeDriver15queryStatusFlagEv
 .text._ZN18SwitchBridgeDriverD2Ev
                0x000063c4       0x10 Propulsion/SwitchBridgeDriver.o
                0x000063c4                _ZN18SwitchBridgeDriverD1Ev
                0x000063c4                _ZN18SwitchBridgeDriverD2Ev
 .text._ZN18SwitchBridgeDriverD0Ev
                0x000063d4       0x14 Propulsion/SwitchBridgeDriver.o
                0x000063d4                _ZN18SwitchBridgeDriverD0Ev
 .text._ZN18SwitchBridgeDriver20commandEmergencyStopEi
                0x000063e8      0x302 Propulsion/SwitchBridgeDriver.o
                0x000063e8                _ZN18SwitchBridgeDriver20commandEmergencyStopEi
 .text._ZN18SwitchBridgeDriver13getDriverInfoEhPc
                0x000066ea      0x4ae Propulsion/SwitchBridgeDriver.o
                0x000066ea                _ZN18SwitchBridgeDriver13getDriverInfoEhPc
 .text._ZN18SwitchBridgeDriver17commandMotorPowerEhi
                0x00006b98      0x45a Propulsion/SwitchBridgeDriver.o
                0x00006b98                _ZN18SwitchBridgeDriver17commandMotorPowerEhi
 .text._ZN18SwitchBridgeDriverC2Ev
                0x00006ff2       0xde Propulsion/SwitchBridgeDriver.o
                0x00006ff2                _ZN18SwitchBridgeDriverC1Ev
                0x00006ff2                _ZN18SwitchBridgeDriverC2Ev
 .text._ZN18SwitchBridgeDriver13createDigitalEhhhhh
                0x000070d0      0x2dc Propulsion/SwitchBridgeDriver.o
                0x000070d0                _ZN18SwitchBridgeDriver13createDigitalEhhhhh
 .text._ZN7Digital7pinModeEh
                0x000073ac       0xb8 RoboCore_main.o
                0x000073ac                _ZN7Digital7pinModeEh
 .text._ZN7Digital12digitalWriteEh
                0x00007464      0x14a RoboCore_main.o
                0x00007464                _ZN7Digital12digitalWriteEh
 .text._ZN20AbstractMotorControlC2Ev
                0x000075ae       0xac RoboCore_main.o
                0x000075ae                _ZN20AbstractMotorControlC1Ev
                0x000075ae                _ZN20AbstractMotorControlC2Ev
 .text._ZN13HBridgeDriverC2Ev
                0x0000765a       0xca RoboCore_main.o
                0x0000765a                _ZN13HBridgeDriverC2Ev
                0x0000765a                _ZN13HBridgeDriverC1Ev
 .text._ZN17SplitBridgeDriverC2Ev
                0x00007724       0xde RoboCore_main.o
                0x00007724                _ZN17SplitBridgeDriverC2Ev
                0x00007724                _ZN17SplitBridgeDriverC1Ev
 .text.freeMemory
                0x00007802       0x42 RoboCore_main.o
                0x00007802                freeMemory
 .text._Z5crc16Pct
                0x00007844       0x54 RoboCore_main.o
                0x00007844                _Z5crc16Pct
 .text._Z5setupv
                0x00007898       0x2c RoboCore_main.o
                0x00007898                _Z5setupv
 .text._Z10code_valuev
                0x000078c4       0x14 RoboCore_main.o
                0x000078c4                _Z10code_valuev
 .text._Z9code_seenc
                0x000078d8       0x20 RoboCore_main.o
                0x000078d8                _Z9code_seenc
 .text._Z21publishMotorFaultCodei
                0x000078f8      0x460 RoboCore_main.o
                0x000078f8                _Z21publishMotorFaultCodei
 .text._Z19publishBatteryVoltsi
                0x00007d58      0x160 RoboCore_main.o
                0x00007d58                _Z19publishBatteryVoltsi
 .text._Z15printUltrasonicP10Ultrasonici
                0x00007eb8      0x1ec RoboCore_main.o
                0x00007eb8                _Z15printUltrasonicP10Ultrasonici
 .text._Z11printAnalogP6Analogi
                0x000080a4      0x27e RoboCore_main.o
                0x000080a4                _Z11printAnalogP6Analogi
 .text._Z12printDigitalP7Digitali
                0x00008322      0x2ac RoboCore_main.o
                0x00008322                _Z12printDigitalP7Digitali
 .text._GLOBAL__sub_I_starttime
                0x000085ce        0xe RoboCore_main.o
 .text._GLOBAL__sub_D_starttime
                0x000085dc        0xa RoboCore_main.o
 .text._Z12processMCodei
                0x000085e6     0x7942 RoboCore_main.o
                0x000085e6                _Z12processMCodei
 .text._Z24FlushSerialRequestResendv
                0x0000ff28       0x78 RoboCore_main.o
                0x0000ff28                _Z24FlushSerialRequestResendv
 .text._Z11get_commandv
                0x0000ffa0      0x558 RoboCore_main.o
                0x0000ffa0                _Z11get_commandv
 .text._Z17manage_inactivityv
                0x000104f8       0xd4 RoboCore_main.o
                0x000104f8                _Z17manage_inactivityv
 .text._Z12processGCodei
                0x000105cc      0xca6 RoboCore_main.o
                0x000105cc                _Z12processGCodei
 .text._Z16process_commandsv
                0x00011272       0xee RoboCore_main.o
                0x00011272                _Z16process_commandsv
 .text._Z4loopv
                0x00011360       0x12 RoboCore_main.o
                0x00011360                _Z4loopv
 .text._Znwj    0x00011372        0x6 new.o
                0x00011372                _Znwj
 .text._ZdlPv   0x00011378        0x6 new.o
                0x00011378                _ZdlPv
 .text.__cxa_pure_virtual
                0x0001137e        0x2 new.o
                0x0001137e                __cxa_pure_virtual
 .text._ZN5Print5writeEPKhj
                0x00011380       0x5a Print.o
                0x00011380                _ZN5Print5writeEPKhj
 .text._ZN5Print5printEc
                0x000113da       0x10 Print.o
                0x000113da                _ZN5Print5printEc
 .text._ZN5Print7printlnEv
                0x000113ea       0x24 Print.o
                0x000113ea                _ZN5Print7printlnEv
 .text._ZN5Print11printNumberEmh
                0x0001140e       0xca Print.o
                0x0001140e                _ZN5Print11printNumberEmh
 .text._ZN5Print5printEli
                0x000114d8       0x70 Print.o
                0x000114d8                _ZN5Print5printEli
 .text._ZN5Print5printEii
                0x00011548        0xe Print.o
                0x00011548                _ZN5Print5printEii
 .text._ZN5Print7printlnEii
                0x00011556       0x20 Print.o
                0x00011556                _ZN5Print7printlnEii
 .text._ZN5Print7printlnEli
                0x00011576       0x20 Print.o
                0x00011576                _ZN5Print7printlnEli
 .text._ZN5Print5printEmi
                0x00011596       0x1c Print.o
                0x00011596                _ZN5Print5printEmi
 .text._ZN5Print5printEhi
                0x000115b2        0xe Print.o
                0x000115b2                _ZN5Print5printEhi
 .text._ZN5Print7printlnEhi
                0x000115c0       0x20 Print.o
                0x000115c0                _ZN5Print7printlnEhi
 .text._ZN5Print5printEji
                0x000115e0        0xc Print.o
                0x000115e0                _ZN5Print5printEji
 .text._ZN5Print7printlnEmi
                0x000115ec       0x20 Print.o
                0x000115ec                _ZN5Print7printlnEmi
 .text._ZN5Print10printFloatEdh
                0x0001160c      0x1fe Print.o
                0x0001160c                _ZN5Print10printFloatEdh
 .text._ZN5Print7printlnEdi
                0x0001180a       0x20 Print.o
                0x0001180a                _ZN5Print7printlnEdi
 .text._ZN10Ultrasonic8getRangeEv
                0x0001182a      0x5e4 Ultrasonic.o
                0x0001182a                _ZN10Ultrasonic8getRangeEv
 .text._ZN17VariablePWMDriver11isConnectedEv
                0x00011e0e        0x6 VariablePWMDriver.o
                0x00011e0e                _ZN17VariablePWMDriver11isConnectedEv
 .text._ZN17VariablePWMDriver14setMaxPWMLevelEi
                0x00011e14        0xc VariablePWMDriver.o
                0x00011e14                _ZN17VariablePWMDriver14setMaxPWMLevelEi
 .text._ZN17VariablePWMDriver14queryFaultFlagEv
                0x00011e20        0xc VariablePWMDriver.o
                0x00011e20                _ZN17VariablePWMDriver14queryFaultFlagEv
 .text._ZN17VariablePWMDriver15queryStatusFlagEv
                0x00011e2c        0x8 VariablePWMDriver.o
                0x00011e2c                _ZN17VariablePWMDriver15queryStatusFlagEv
 .text._ZN17VariablePWMDriverD2Ev
                0x00011e34       0x10 VariablePWMDriver.o
                0x00011e34                _ZN17VariablePWMDriverD2Ev
                0x00011e34                _ZN17VariablePWMDriverD1Ev
 .text._ZN17VariablePWMDriverD0Ev
                0x00011e44       0x12 VariablePWMDriver.o
                0x00011e44                _ZN17VariablePWMDriverD0Ev
 .text._ZN17VariablePWMDriver15commandPWMLevelEhi
                0x00011e56      0x342 VariablePWMDriver.o
                0x00011e56                _ZN17VariablePWMDriver15commandPWMLevelEhi
 .text._ZN17VariablePWMDriver20commandEmergencyStopEi
                0x00012198      0x22e VariablePWMDriver.o
                0x00012198                _ZN17VariablePWMDriver20commandEmergencyStopEi
 .text._ZN17VariablePWMDriver13getDriverInfoEhPc
                0x000123c6      0x49c VariablePWMDriver.o
                0x000123c6                _ZN17VariablePWMDriver13getDriverInfoEhPc
 .text._ZN17VariablePWMDriver9createPWMEhhhii
                0x00012862      0x1da VariablePWMDriver.o
                0x00012862                _ZN17VariablePWMDriver9createPWMEhhhii
 .text._ZN17VariablePWMDriverC2Ev
                0x00012a3c       0x76 VariablePWMDriver.o
                0x00012a3c                _ZN17VariablePWMDriverC2Ev
                0x00012a3c                _ZN17VariablePWMDriverC1Ev
 .text._ZN13WatchdogTimer13watchdog_initEj
                0x00012ab2      0x152 watchdog.o
                0x00012ab2                _ZN13WatchdogTimer13watchdog_initEj
 .text._ZN13WatchdogTimer14watchdog_resetEv
                0x00012c04        0x4 watchdog.o
                0x00012c04                _ZN13WatchdogTimer14watchdog_resetEv
 .text.__vector_12
                0x00012c08       0x62 watchdog.o
                0x00012c08                __vector_12
 .text._ZN13HardwareTimer15attachInterruptEP16InterruptServicei
                0x00012c6a        0x4 WHardwareTimer.o
                0x00012c6a                _ZN13HardwareTimer15attachInterruptEP16InterruptServicei
 .text.__vector_21
                0x00012c6e       0x66 WHardwareTimer.o
                0x00012c6e                __vector_21
 .text.__vector_22
                0x00012cd4       0x66 WHardwareTimer.o
                0x00012cd4                __vector_22
 .text.__vector_23
                0x00012d3a       0x66 WHardwareTimer.o
                0x00012d3a                __vector_23
 .text.__vector_13
                0x00012da0       0x66 WHardwareTimer.o
                0x00012da0                __vector_13
 .text.__vector_14
                0x00012e06       0x66 WHardwareTimer.o
                0x00012e06                __vector_14
 .text.__vector_15
                0x00012e6c       0x66 WHardwareTimer.o
                0x00012e6c                __vector_15
 .text.__vector_17
                0x00012ed2       0x66 WHardwareTimer.o
                0x00012ed2                __vector_17
 .text.__vector_18
                0x00012f38       0x66 WHardwareTimer.o
                0x00012f38                __vector_18
 .text.__vector_19
                0x00012f9e       0x66 WHardwareTimer.o
                0x00012f9e                __vector_19
 .text.__vector_20
                0x00013004       0x66 WHardwareTimer.o
                0x00013004                __vector_20
 .text.__vector_16
                0x0001306a       0x66 WHardwareTimer.o
                0x0001306a                __vector_16
 .text.__vector_32
                0x000130d0       0x66 WHardwareTimer.o
                0x000130d0                __vector_32
 .text.__vector_33
                0x00013136       0x66 WHardwareTimer.o
                0x00013136                __vector_33
 .text.__vector_34
                0x0001319c       0x66 WHardwareTimer.o
                0x0001319c                __vector_34
 .text.__vector_35
                0x00013202       0x66 WHardwareTimer.o
                0x00013202                __vector_35
 .text.__vector_31
                0x00013268       0x66 WHardwareTimer.o
                0x00013268                __vector_31
 .text.__vector_42
                0x000132ce       0x66 WHardwareTimer.o
                0x000132ce                __vector_42
 .text.__vector_43
                0x00013334       0x66 WHardwareTimer.o
                0x00013334                __vector_43
 .text.__vector_44
                0x0001339a       0x66 WHardwareTimer.o
                0x0001339a                __vector_44
 .text.__vector_45
                0x00013400       0x66 WHardwareTimer.o
                0x00013400                __vector_45
 .text.__vector_41
                0x00013466       0x66 WHardwareTimer.o
                0x00013466                __vector_41
 .text.__vector_47
                0x000134cc       0x66 WHardwareTimer.o
                0x000134cc                __vector_47
 .text.__vector_48
                0x00013532       0x66 WHardwareTimer.o
                0x00013532                __vector_48
 .text.__vector_49
                0x00013598       0x66 WHardwareTimer.o
                0x00013598                __vector_49
 .text.__vector_50
                0x000135fe       0x66 WHardwareTimer.o
                0x000135fe                __vector_50
 .text.__vector_46
                0x00013664       0x66 WHardwareTimer.o
                0x00013664                __vector_46
 .text._ZN13HardwareTimer14clearInterruptEh
                0x000136ca       0x9c WHardwareTimer.o
                0x000136ca                _ZN13HardwareTimer14clearInterruptEh
 .text._ZN13HardwareTimer14setClockSourceEh
                0x00013766       0x94 WHardwareTimer.o
                0x00013766                _ZN13HardwareTimer14setClockSourceEh
 .text._ZN13HardwareTimerC1Eh
                0x000137fa      0x326 WHardwareTimer.o
                0x000137fa                _ZN13HardwareTimerC1Eh
 .text._ZN13HardwareTimer12setInterruptEhh
                0x00013b20      0x130 WHardwareTimer.o
                0x00013b20                _ZN13HardwareTimer12setInterruptEhh
 .text._ZN13HardwareTimer15attachInterruptEhP16InterruptServicei
                0x00013c50       0x50 WHardwareTimer.o
                0x00013c50                _ZN13HardwareTimer15attachInterruptEhP16InterruptServicei
 .text._ZN13HardwareTimer15detachInterruptEh
                0x00013ca0       0x56 WHardwareTimer.o
                0x00013ca0                _ZN13HardwareTimer15detachInterruptEh
 .text._ZN13HardwareTimer7setModeEh
                0x00013cf6       0x2c WHardwareTimer.o
                0x00013cf6                _ZN13HardwareTimer7setModeEh
 .text._ZN13HardwareTimer13setOutputModeEhh
                0x00013d22       0x52 WHardwareTimer.o
                0x00013d22                _ZN13HardwareTimer13setOutputModeEhh
 .text._ZN13HardwareTimer11stopChannelEh
                0x00013d74        0x6 WHardwareTimer.o
                0x00013d74                _ZN13HardwareTimer11stopChannelEh
 .text._ZN13HardwareTimer6setOCREhj
                0x00013d7a       0x6c WHardwareTimer.o
                0x00013d7a                _ZN13HardwareTimer6setOCREhj
 .text._GLOBAL__sub_I___vector_21
                0x00013de6       0x32 WHardwareTimer.o
 .text.__vector_1
                0x00013e18       0x62 WInterrupts.o
                0x00013e18                __vector_1
 .text.__vector_2
                0x00013e7a       0x62 WInterrupts.o
                0x00013e7a                __vector_2
 .text.__vector_3
                0x00013edc       0x62 WInterrupts.o
                0x00013edc                __vector_3
 .text.__vector_4
                0x00013f3e       0x62 WInterrupts.o
                0x00013f3e                __vector_4
 .text.__vector_5
                0x00013fa0       0x62 WInterrupts.o
                0x00013fa0                __vector_5
 .text.__vector_6
                0x00014002       0x62 WInterrupts.o
                0x00014002                __vector_6
 .text.__vector_7
                0x00014064       0x62 WInterrupts.o
                0x00014064                __vector_7
 .text.__vector_8
                0x000140c6       0x62 WInterrupts.o
                0x000140c6                __vector_8
 .text._ZN12PCInterrupts15attachInterruptEP16InterruptServicei
                0x00014128        0x4 WPCInterrupts.o
                0x00014128                _ZN12PCInterrupts15attachInterruptEP16InterruptServicei
 .text._ZN12PCInterrupts15attachInterruptEhP16InterruptServicei
                0x0001412c      0x13a WPCInterrupts.o
                0x0001412c                _ZN12PCInterrupts15attachInterruptEhP16InterruptServicei
 .text._ZN12PCInterrupts15detachInterruptEh
                0x00014266       0x84 WPCInterrupts.o
                0x00014266                _ZN12PCInterrupts15detachInterruptEh
 .text._ZL5PCinth
                0x000142ea       0xce WPCInterrupts.o
 .text.__vector_9
                0x000143b8       0x50 WPCInterrupts.o
                0x000143b8                __vector_9
 .text.__vector_10
                0x00014408       0x50 WPCInterrupts.o
                0x00014408                __vector_10
 .text.__vector_11
                0x00014458       0x50 WPCInterrupts.o
                0x00014458                __vector_11
 .text._ZN3PWM16setPWMResolutionEh
                0x000144a8       0x44 WPWM.o
                0x000144a8                _ZN3PWM16setPWMResolutionEh
 .text._ZN3PWM14setPWMPrescaleEh
                0x000144ec        0xe WPWM.o
                0x000144ec                _ZN3PWM14setPWMPrescaleEh
 .text._ZN3PWM12digitalWriteEh
                0x000144fa      0x12a WPWM.o
                0x000144fa                _ZN3PWM12digitalWriteEh
 .text._ZN3PWM8pwmWriteEjh
                0x00014624       0x5a WPWM.o
                0x00014624                _ZN3PWM8pwmWriteEjh
 .text._ZN3PWM10pinModeOutEv
                0x0001467e       0x4a WPWM.o
                0x0001467e                _ZN3PWM10pinModeOutEv
 .text._ZN3PWMC2Eh
                0x000146c8       0x12 WPWM.o
                0x000146c8                _ZN3PWMC2Eh
                0x000146c8                _ZN3PWMC1Eh
 .text._ZN3PWM4initEh
                0x000146da       0xfe WPWM.o
                0x000146da                _ZN3PWM4initEh
 .text._ZN6StringD2Ev
                0x000147d8        0xa WString.o
                0x000147d8                _ZN6StringD2Ev
                0x000147d8                _ZN6StringD1Ev
 .text._ZN6String10invalidateEv
                0x000147e2       0x22 WString.o
                0x000147e2                _ZN6String10invalidateEv
 .text._ZN6String12changeBufferEj
                0x00014804       0x32 WString.o
                0x00014804                _ZN6String12changeBufferEj
 .text._ZN6String7reserveEj
                0x00014836       0x3e WString.o
                0x00014836                _ZN6String7reserveEj
 .text._ZN6String4copyEPKcj
                0x00014874       0x3c WString.o
                0x00014874                _ZN6String4copyEPKcj
 .text._ZN6StringC2EPKc
                0x000148b0       0x2a WString.o
                0x000148b0                _ZN6StringC2EPKc
                0x000148b0                _ZN6StringC1EPKc
 .text.avr-libc.fplib
                0x000148da        0xa c:/program files (x86)/atmel/studio/7.0/toolchain/avr8/avr8-gnu-toolchain/bin/../lib/gcc/avr/5.4.0/../../../../avr/lib/avr6\libm.a(addsf3.o)
                0x000148da                __subsf3
                0x000148dc                __addsf3
 .text.avr-libc.fplib
                0x000148e4       0xc0 c:/program files (x86)/atmel/studio/7.0/toolchain/avr8/avr8-gnu-toolchain/bin/../lib/gcc/avr/5.4.0/../../../../avr/lib/avr6\libm.a(addsf3x.o)
                0x000148fe                __addsf3x
 .text.avr-libc.fplib
                0x000149a4        0x8 c:/program files (x86)/atmel/studio/7.0/toolchain/avr8/avr8-gnu-toolchain/bin/../lib/gcc/avr/5.4.0/../../../../avr/lib/avr6\libm.a(cmpsf2.o)
                0x000149a4                __nesf2
                0x000149a4                __eqsf2
                0x000149a4                __cmpsf2
                0x000149a4                __ltsf2
                0x000149a4                __lesf2
 .text.avr-libc.fplib
                0x000149ac        0x4 c:/program files (x86)/atmel/studio/7.0/toolchain/avr8/avr8-gnu-toolchain/bin/../lib/gcc/avr/5.4.0/../../../../avr/lib/avr6\libm.a(divsf3.o)
                0x000149ac                __divsf3
 .text.avr-libc.fplib
                0x000149b0       0xcc c:/program files (x86)/atmel/studio/7.0/toolchain/avr8/avr8-gnu-toolchain/bin/../lib/gcc/avr/5.4.0/../../../../avr/lib/avr6\libm.a(divsf3x.o)
                0x000149c6                __divsf3x
                0x000149ca                __divsf3_pse
 .text.avr-libc.fplib
                0x00014a7c        0xa c:/program files (x86)/atmel/studio/7.0/toolchain/avr8/avr8-gnu-toolchain/bin/../lib/gcc/avr/5.4.0/../../../../avr/lib/avr6\libm.a(fixsfsi.o)
                0x00014a7c                __fixsfsi
 .text.avr-libc.fplib
                0x00014a86       0x58 c:/program files (x86)/atmel/studio/7.0/toolchain/avr8/avr8-gnu-toolchain/bin/../lib/gcc/avr/5.4.0/../../../../avr/lib/avr6\libm.a(fixunssfsi.o)
                0x00014a86                __fixunssfsi
 .text.avr-libc.fplib
                0x00014ade       0x7a c:/program files (x86)/atmel/studio/7.0/toolchain/avr8/avr8-gnu-toolchain/bin/../lib/gcc/avr/5.4.0/../../../../avr/lib/avr6\libm.a(floatsisf.o)
                0x00014ade                __floatunsisf
                0x00014ae2                __floatsisf
 .text.avr-libc.fplib